<?xml version="1.0" encoding="ISO-8859-1" ?>
<link_info>
   <banner>MSP430 Linker PC v21.6.1.LTS</banner>
   <copyright>Copyright (c) 2003-2018 Texas Instruments Incorporated</copyright>
   <link_time>0x66a46a61</link_time>
   <link_errors>0x0</link_errors>
   <output_file>7_UART_OpenMV.out</output_file>
   <entry_point>
      <name>_c_int00_noargs</name>
      <address>0xcf34</address>
   </entry_point>
   <input_file_list>
      <input_file id="fl-2">
         <path>.\</path>
         <kind>object</kind>
         <file>main.obj</file>
         <name>main.obj</name>
      </input_file>
      <input_file id="fl-3">
         <path>.\src\</path>
         <kind>object</kind>
         <file>oled.obj</file>
         <name>oled.obj</name>
      </input_file>
      <input_file id="fl-8">
         <kind>object</kind>
         <file>&lt;internal&gt;</file>
         <name>&lt;internal&gt;</name>
      </input_file>
      <input_file id="fl-1e">
         <path>D:\ccs1271\ccs\tools\compiler\ti-cgt-msp430_21.6.1.LTS\lib\</path>
         <kind>archive</kind>
         <file>rts430_eabi.lib</file>
         <name>asr16.asm.obj</name>
      </input_file>
      <input_file id="fl-1f">
         <path>D:\ccs1271\ccs\tools\compiler\ti-cgt-msp430_21.6.1.LTS\lib\</path>
         <kind>archive</kind>
         <file>rts430_eabi.lib</file>
         <name>div16s.asm.obj</name>
      </input_file>
      <input_file id="fl-20">
         <path>D:\ccs1271\ccs\tools\compiler\ti-cgt-msp430_21.6.1.LTS\lib\</path>
         <kind>archive</kind>
         <file>rts430_eabi.lib</file>
         <name>div16u.asm.obj</name>
      </input_file>
      <input_file id="fl-21">
         <path>D:\ccs1271\ccs\tools\compiler\ti-cgt-msp430_21.6.1.LTS\lib\</path>
         <kind>archive</kind>
         <file>rts430_eabi.lib</file>
         <name>epilog.asm.obj</name>
      </input_file>
      <input_file id="fl-22">
         <path>D:\ccs1271\ccs\tools\compiler\ti-cgt-msp430_21.6.1.LTS\lib\</path>
         <kind>archive</kind>
         <file>rts430_eabi.lib</file>
         <name>int00.asm.obj</name>
      </input_file>
      <input_file id="fl-23">
         <path>D:\ccs1271\ccs\tools\compiler\ti-cgt-msp430_21.6.1.LTS\lib\</path>
         <kind>archive</kind>
         <file>rts430_eabi.lib</file>
         <name>int02.asm.obj</name>
      </input_file>
      <input_file id="fl-24">
         <path>D:\ccs1271\ccs\tools\compiler\ti-cgt-msp430_21.6.1.LTS\lib\</path>
         <kind>archive</kind>
         <file>rts430_eabi.lib</file>
         <name>int03.asm.obj</name>
      </input_file>
      <input_file id="fl-25">
         <path>D:\ccs1271\ccs\tools\compiler\ti-cgt-msp430_21.6.1.LTS\lib\</path>
         <kind>archive</kind>
         <file>rts430_eabi.lib</file>
         <name>int05.asm.obj</name>
      </input_file>
      <input_file id="fl-26">
         <path>D:\ccs1271\ccs\tools\compiler\ti-cgt-msp430_21.6.1.LTS\lib\</path>
         <kind>archive</kind>
         <file>rts430_eabi.lib</file>
         <name>int06.asm.obj</name>
      </input_file>
      <input_file id="fl-27">
         <path>D:\ccs1271\ccs\tools\compiler\ti-cgt-msp430_21.6.1.LTS\lib\</path>
         <kind>archive</kind>
         <file>rts430_eabi.lib</file>
         <name>int08.asm.obj</name>
      </input_file>
      <input_file id="fl-28">
         <path>D:\ccs1271\ccs\tools\compiler\ti-cgt-msp430_21.6.1.LTS\lib\</path>
         <kind>archive</kind>
         <file>rts430_eabi.lib</file>
         <name>int09.asm.obj</name>
      </input_file>
      <input_file id="fl-29">
         <path>D:\ccs1271\ccs\tools\compiler\ti-cgt-msp430_21.6.1.LTS\lib\</path>
         <kind>archive</kind>
         <file>rts430_eabi.lib</file>
         <name>int10.asm.obj</name>
      </input_file>
      <input_file id="fl-2a">
         <path>D:\ccs1271\ccs\tools\compiler\ti-cgt-msp430_21.6.1.LTS\lib\</path>
         <kind>archive</kind>
         <file>rts430_eabi.lib</file>
         <name>int11.asm.obj</name>
      </input_file>
      <input_file id="fl-2b">
         <path>D:\ccs1271\ccs\tools\compiler\ti-cgt-msp430_21.6.1.LTS\lib\</path>
         <kind>archive</kind>
         <file>rts430_eabi.lib</file>
         <name>int12.asm.obj</name>
      </input_file>
      <input_file id="fl-2c">
         <path>D:\ccs1271\ccs\tools\compiler\ti-cgt-msp430_21.6.1.LTS\lib\</path>
         <kind>archive</kind>
         <file>rts430_eabi.lib</file>
         <name>int13.asm.obj</name>
      </input_file>
      <input_file id="fl-2d">
         <path>D:\ccs1271\ccs\tools\compiler\ti-cgt-msp430_21.6.1.LTS\lib\</path>
         <kind>archive</kind>
         <file>rts430_eabi.lib</file>
         <name>int14.asm.obj</name>
      </input_file>
      <input_file id="fl-2e">
         <path>D:\ccs1271\ccs\tools\compiler\ti-cgt-msp430_21.6.1.LTS\lib\</path>
         <kind>archive</kind>
         <file>rts430_eabi.lib</file>
         <name>isr_trap.asm.obj</name>
      </input_file>
      <input_file id="fl-2f">
         <path>D:\ccs1271\ccs\tools\compiler\ti-cgt-msp430_21.6.1.LTS\lib\</path>
         <kind>archive</kind>
         <file>rts430_eabi.lib</file>
         <name>lsl16.asm.obj</name>
      </input_file>
      <input_file id="fl-30">
         <path>D:\ccs1271\ccs\tools\compiler\ti-cgt-msp430_21.6.1.LTS\lib\</path>
         <kind>archive</kind>
         <file>rts430_eabi.lib</file>
         <name>lsr16.asm.obj</name>
      </input_file>
      <input_file id="fl-31">
         <path>D:\ccs1271\ccs\tools\compiler\ti-cgt-msp430_21.6.1.LTS\lib\</path>
         <kind>archive</kind>
         <file>rts430_eabi.lib</file>
         <name>mult16.asm.obj</name>
      </input_file>
      <input_file id="fl-32">
         <path>D:\ccs1271\ccs\tools\compiler\ti-cgt-msp430_21.6.1.LTS\lib\</path>
         <kind>archive</kind>
         <file>rts430_eabi.lib</file>
         <name>boot.c.obj</name>
      </input_file>
      <input_file id="fl-33">
         <path>D:\ccs1271\ccs\tools\compiler\ti-cgt-msp430_21.6.1.LTS\lib\</path>
         <kind>archive</kind>
         <file>rts430_eabi.lib</file>
         <name>autoinit.c.obj</name>
      </input_file>
      <input_file id="fl-34">
         <path>D:\ccs1271\ccs\tools\compiler\ti-cgt-msp430_21.6.1.LTS\lib\</path>
         <kind>archive</kind>
         <file>rts430_eabi.lib</file>
         <name>copy_zero_init.c.obj</name>
      </input_file>
      <input_file id="fl-35">
         <path>D:\ccs1271\ccs\tools\compiler\ti-cgt-msp430_21.6.1.LTS\lib\</path>
         <kind>archive</kind>
         <file>rts430_eabi.lib</file>
         <name>cpy_tbl.c.obj</name>
      </input_file>
      <input_file id="fl-36">
         <path>D:\ccs1271\ccs\tools\compiler\ti-cgt-msp430_21.6.1.LTS\lib\</path>
         <kind>archive</kind>
         <file>rts430_eabi.lib</file>
         <name>mpu_init.c.obj</name>
      </input_file>
      <input_file id="fl-37">
         <path>D:\ccs1271\ccs\tools\compiler\ti-cgt-msp430_21.6.1.LTS\lib\</path>
         <kind>archive</kind>
         <file>rts430_eabi.lib</file>
         <name>pre_init.c.obj</name>
      </input_file>
      <input_file id="fl-38">
         <path>D:\ccs1271\ccs\tools\compiler\ti-cgt-msp430_21.6.1.LTS\lib\</path>
         <kind>archive</kind>
         <file>rts430_eabi.lib</file>
         <name>startup.c.obj</name>
      </input_file>
      <input_file id="fl-39">
         <path>D:\ccs1271\ccs\tools\compiler\ti-cgt-msp430_21.6.1.LTS\lib\</path>
         <kind>archive</kind>
         <file>rts430_eabi.lib</file>
         <name>copy_decompress_none.c.obj</name>
      </input_file>
      <input_file id="fl-3a">
         <path>D:\ccs1271\ccs\tools\compiler\ti-cgt-msp430_21.6.1.LTS\lib\</path>
         <kind>archive</kind>
         <file>rts430_eabi.lib</file>
         <name>copy_decompress_lzss.c.obj</name>
      </input_file>
      <input_file id="fl-3b">
         <path>D:\ccs1271\ccs\tools\compiler\ti-cgt-msp430_21.6.1.LTS\lib\</path>
         <kind>archive</kind>
         <file>rts430_eabi.lib</file>
         <name>exit.c.obj</name>
      </input_file>
      <input_file id="fl-3c">
         <path>D:\ccs1271\ccs\tools\compiler\ti-cgt-msp430_21.6.1.LTS\lib\</path>
         <kind>archive</kind>
         <file>rts430_eabi.lib</file>
         <name>_lock.c.obj</name>
      </input_file>
      <input_file id="fl-3d">
         <path>D:\ccs1271\ccs\tools\compiler\ti-cgt-msp430_21.6.1.LTS\lib\</path>
         <kind>archive</kind>
         <file>rts430_eabi.lib</file>
         <name>args_main.c.obj</name>
      </input_file>
      <input_file id="fl-3e">
         <path>D:\ccs1271\ccs\tools\compiler\ti-cgt-msp430_21.6.1.LTS\lib\</path>
         <kind>archive</kind>
         <file>rts430_eabi.lib</file>
         <name>memcpy.c.obj</name>
      </input_file>
      <input_file id="fl-3f">
         <path>D:\ccs1271\ccs\tools\compiler\ti-cgt-msp430_21.6.1.LTS\lib\</path>
         <kind>archive</kind>
         <file>rts430_eabi.lib</file>
         <name>memset.c.obj</name>
      </input_file>
      <input_file id="fl-40">
         <path>D:\ccs1271\ccs\tools\compiler\ti-cgt-msp430_21.6.1.LTS\lib\</path>
         <kind>archive</kind>
         <file>rts430_eabi.lib</file>
         <name>exit_gvars.c.obj</name>
      </input_file>
   </input_file_list>
   <object_component_list>
      <object_component id="oc-140">
         <name>.data:receive_cmd</name>
         <load_address>0x200</load_address>
         <run_address>0x200</run_address>
         <size>0x14</size>
         <input_file_ref idref="fl-2"/>
      </object_component>
      <object_component id="oc-13d">
         <name>.data</name>
         <load_address>0x214</load_address>
         <run_address>0x214</run_address>
         <size>0x2</size>
         <input_file_ref idref="fl-2"/>
      </object_component>
      <object_component id="oc-b1">
         <name>.stack</name>
         <uninitialized>true</uninitialized>
         <run_address>0x3b0</run_address>
         <size>0x2</size>
         <input_file_ref idref="fl-32"/>
      </object_component>
      <object_component id="oc-323">
         <name>.stack</name>
         <uninitialized>true</uninitialized>
         <run_address>0x3b0</run_address>
         <size>0x0</size>
      </object_component>
      <object_component id="oc-19a">
         <name>.text:OLED_Init</name>
         <load_address>0xc8b2</load_address>
         <run_address>0xc8b2</run_address>
         <size>0xe4</size>
         <input_file_ref idref="fl-3"/>
      </object_component>
      <object_component id="oc-1ac">
         <name>.text:cmd_judge_execute</name>
         <load_address>0xc996</load_address>
         <run_address>0xc996</run_address>
         <size>0xe0</size>
         <input_file_ref idref="fl-2"/>
      </object_component>
      <object_component id="oc-263">
         <name>.text:OLED_ShowChar</name>
         <load_address>0xca76</load_address>
         <run_address>0xca76</run_address>
         <size>0xaa</size>
         <input_file_ref idref="fl-3"/>
      </object_component>
      <object_component id="oc-34">
         <name>.text:decompress:lzss:__TI_decompress_lzss</name>
         <load_address>0xcb20</load_address>
         <run_address>0xcb20</run_address>
         <size>0x7c</size>
         <input_file_ref idref="fl-3a"/>
      </object_component>
      <object_component id="oc-e1">
         <name>.text:UART_Receive_ISR</name>
         <load_address>0xcb9c</load_address>
         <run_address>0xcb9c</run_address>
         <size>0x5c</size>
         <input_file_ref idref="fl-2"/>
      </object_component>
      <object_component id="oc-2a0">
         <name>.text:Write_IIC_Byte</name>
         <load_address>0xcbf8</load_address>
         <run_address>0xcbf8</run_address>
         <size>0x52</size>
         <input_file_ref idref="fl-3"/>
      </object_component>
      <object_component id="oc-ba">
         <name>.text</name>
         <load_address>0xcc4a</load_address>
         <run_address>0xcc4a</run_address>
         <size>0x4c</size>
         <input_file_ref idref="fl-30"/>
      </object_component>
      <object_component id="oc-1a0">
         <name>.text:OLED_Clear</name>
         <load_address>0xcc96</load_address>
         <run_address>0xcc96</run_address>
         <size>0x44</size>
         <input_file_ref idref="fl-3"/>
      </object_component>
      <object_component id="oc-213">
         <name>.text:OLED_ShowString</name>
         <load_address>0xccda</load_address>
         <run_address>0xccda</run_address>
         <size>0x42</size>
         <input_file_ref idref="fl-3"/>
      </object_component>
      <object_component id="oc-1bf">
         <name>.text:__TI_auto_init_nobinit_nopinit:__TI_auto_init_nobinit_nopinit</name>
         <load_address>0xcd1c</load_address>
         <run_address>0xcd1c</run_address>
         <size>0x42</size>
         <input_file_ref idref="fl-33"/>
      </object_component>
      <object_component id="oc-15c">
         <name>.text:main</name>
         <load_address>0xcd5e</load_address>
         <run_address>0xcd5e</run_address>
         <size>0x40</size>
         <input_file_ref idref="fl-2"/>
      </object_component>
      <object_component id="oc-1a6">
         <name>.text:InitUART</name>
         <load_address>0xcd9e</load_address>
         <run_address>0xcd9e</run_address>
         <size>0x36</size>
         <input_file_ref idref="fl-2"/>
      </object_component>
      <object_component id="oc-29a">
         <name>.text:IIC_Start</name>
         <load_address>0xcdd4</load_address>
         <run_address>0xcdd4</run_address>
         <size>0x32</size>
         <input_file_ref idref="fl-3"/>
      </object_component>
      <object_component id="oc-259">
         <name>.text:Write_IIC_Data</name>
         <load_address>0xce06</load_address>
         <run_address>0xce06</run_address>
         <size>0x2e</size>
         <input_file_ref idref="fl-3"/>
      </object_component>
      <object_component id="oc-253">
         <name>.text:Write_IIC_Command</name>
         <load_address>0xce34</load_address>
         <run_address>0xce34</run_address>
         <size>0x2c</size>
         <input_file_ref idref="fl-3"/>
      </object_component>
      <object_component id="oc-2d6">
         <name>.text</name>
         <load_address>0xce60</load_address>
         <run_address>0xce60</run_address>
         <size>0x2c</size>
         <input_file_ref idref="fl-1e"/>
      </object_component>
      <object_component id="oc-143">
         <name>.text</name>
         <load_address>0xce8c</load_address>
         <run_address>0xce8c</run_address>
         <size>0x2c</size>
         <input_file_ref idref="fl-1f"/>
      </object_component>
      <object_component id="oc-b5">
         <name>.text</name>
         <load_address>0xceb8</load_address>
         <run_address>0xceb8</run_address>
         <size>0x2c</size>
         <input_file_ref idref="fl-2f"/>
      </object_component>
      <object_component id="oc-2b4">
         <name>.text:OLED_Set_Pos</name>
         <load_address>0xcee4</load_address>
         <run_address>0xcee4</run_address>
         <size>0x2a</size>
         <input_file_ref idref="fl-3"/>
      </object_component>
      <object_component id="oc-2ac">
         <name>.text:IIC_Stop</name>
         <load_address>0xcf0e</load_address>
         <run_address>0xcf0e</run_address>
         <size>0x26</size>
         <input_file_ref idref="fl-3"/>
      </object_component>
      <object_component id="oc-f9">
         <name>.text:_c_int00_noargs</name>
         <load_address>0xcf34</load_address>
         <run_address>0xcf34</run_address>
         <size>0x1c</size>
         <input_file_ref idref="fl-32"/>
      </object_component>
      <object_component id="oc-2a6">
         <name>.text:IIC_Wait_Ack</name>
         <load_address>0xcf50</load_address>
         <run_address>0xcf50</run_address>
         <size>0x1a</size>
         <input_file_ref idref="fl-3"/>
      </object_component>
      <object_component id="oc-20d">
         <name>.text:UARTSendString</name>
         <load_address>0xcf6a</load_address>
         <run_address>0xcf6a</run_address>
         <size>0x1a</size>
         <input_file_ref idref="fl-2"/>
      </object_component>
      <object_component id="oc-194">
         <name>.text:InitSystemClock</name>
         <load_address>0xcf84</load_address>
         <run_address>0xcf84</run_address>
         <size>0x18</size>
         <input_file_ref idref="fl-2"/>
      </object_component>
      <object_component id="oc-186">
         <name>.text</name>
         <load_address>0xcf9c</load_address>
         <run_address>0xcf9c</run_address>
         <size>0x16</size>
         <input_file_ref idref="fl-20"/>
      </object_component>
      <object_component id="oc-200">
         <name>.text:OLED_WR_Byte</name>
         <load_address>0xcfb2</load_address>
         <run_address>0xcfb2</run_address>
         <size>0x14</size>
         <input_file_ref idref="fl-3"/>
      </object_component>
      <object_component id="oc-219">
         <name>.text:memset</name>
         <load_address>0xcfc6</load_address>
         <run_address>0xcfc6</run_address>
         <size>0x14</size>
         <input_file_ref idref="fl-3f"/>
      </object_component>
      <object_component id="oc-28e">
         <name>.text</name>
         <load_address>0xcfda</load_address>
         <run_address>0xcfda</run_address>
         <size>0x14</size>
         <input_file_ref idref="fl-31"/>
      </object_component>
      <object_component id="oc-3a">
         <name>.text:decompress:none:__TI_decompress_none</name>
         <load_address>0xcfee</load_address>
         <run_address>0xcfee</run_address>
         <size>0x12</size>
         <input_file_ref idref="fl-39"/>
      </object_component>
      <object_component id="oc-cf">
         <name>.text:memcpy</name>
         <load_address>0xd000</load_address>
         <run_address>0xd000</run_address>
         <size>0x12</size>
         <input_file_ref idref="fl-3e"/>
      </object_component>
      <object_component id="oc-bf">
         <name>.text</name>
         <load_address>0xd012</load_address>
         <run_address>0xd012</run_address>
         <size>0x10</size>
         <input_file_ref idref="fl-21"/>
      </object_component>
      <object_component id="oc-dc">
         <name>.text:_isr:__TI_ISR_TRAP</name>
         <load_address>0xd022</load_address>
         <run_address>0xd022</run_address>
         <size>0x8</size>
         <input_file_ref idref="fl-2e"/>
      </object_component>
      <object_component id="oc-1b3">
         <name>.text:abort</name>
         <load_address>0xd02a</load_address>
         <run_address>0xd02a</run_address>
         <size>0x6</size>
         <input_file_ref idref="fl-3b"/>
      </object_component>
      <object_component id="oc-156">
         <name>.text:_system_pre_init</name>
         <load_address>0xd030</load_address>
         <run_address>0xd030</run_address>
         <size>0x4</size>
         <input_file_ref idref="fl-37"/>
      </object_component>
      <object_component id="oc-232">
         <name>.text:_system_post_cinit</name>
         <load_address>0xd034</load_address>
         <run_address>0xd034</run_address>
         <size>0x2</size>
         <input_file_ref idref="fl-38"/>
      </object_component>
      <object_component id="oc-322">
         <name>.cinit..data.load</name>
         <load_address>0xd036</load_address>
         <run_address>0xd036</run_address>
         <size>0x8</size>
      </object_component>
      <object_component id="oc-320">
         <name>__TI_handler_table</name>
         <load_address>0xd03e</load_address>
         <run_address>0xd03e</run_address>
         <size>0x4</size>
      </object_component>
      <object_component id="oc-321">
         <name>__TI_cinit_table</name>
         <load_address>0xd042</load_address>
         <run_address>0xd042</run_address>
         <size>0x4</size>
      </object_component>
      <object_component id="oc-2bd">
         <name>.const:.string:F8X16</name>
         <load_address>0xc000</load_address>
         <run_address>0xc000</run_address>
         <size>0x5f0</size>
         <input_file_ref idref="fl-3"/>
      </object_component>
      <object_component id="oc-2ba">
         <name>.const:F6x8</name>
         <load_address>0xc5f0</load_address>
         <run_address>0xc5f0</run_address>
         <size>0x228</size>
         <input_file_ref idref="fl-3"/>
      </object_component>
      <object_component id="oc-20c">
         <name>.const:.string</name>
         <load_address>0xc818</load_address>
         <run_address>0xc818</run_address>
         <size>0x86</size>
         <input_file_ref idref="fl-2"/>
      </object_component>
      <object_component id="oc-209">
         <name>.const:$P$T0$1</name>
         <load_address>0xc89e</load_address>
         <run_address>0xc89e</run_address>
         <size>0x14</size>
         <input_file_ref idref="fl-2"/>
      </object_component>
      <object_component id="oc-2e2">
         <name>.binit</name>
         <load_address>0xc000</load_address>
         <run_address>0xc000</run_address>
         <size>0x0</size>
      </object_component>
      <object_component id="oc-40">
         <name>.int00</name>
         <load_address>0xffe0</load_address>
         <run_address>0xffe0</run_address>
         <size>0x2</size>
         <input_file_ref idref="fl-22"/>
      </object_component>
      <object_component id="oc-41">
         <name>.int02</name>
         <load_address>0xffe4</load_address>
         <run_address>0xffe4</run_address>
         <size>0x2</size>
         <input_file_ref idref="fl-23"/>
      </object_component>
      <object_component id="oc-42">
         <name>.int03</name>
         <load_address>0xffe6</load_address>
         <run_address>0xffe6</run_address>
         <size>0x2</size>
         <input_file_ref idref="fl-24"/>
      </object_component>
      <object_component id="oc-43">
         <name>.int05</name>
         <load_address>0xffea</load_address>
         <run_address>0xffea</run_address>
         <size>0x2</size>
         <input_file_ref idref="fl-25"/>
      </object_component>
      <object_component id="oc-44">
         <name>.int06</name>
         <load_address>0xffec</load_address>
         <run_address>0xffec</run_address>
         <size>0x2</size>
         <input_file_ref idref="fl-26"/>
      </object_component>
      <object_component id="oc-45">
         <name>.int07</name>
         <load_address>0xffee</load_address>
         <run_address>0xffee</run_address>
         <size>0x2</size>
         <input_file_ref idref="fl-2"/>
      </object_component>
      <object_component id="oc-46">
         <name>.int08</name>
         <load_address>0xfff0</load_address>
         <run_address>0xfff0</run_address>
         <size>0x2</size>
         <input_file_ref idref="fl-27"/>
      </object_component>
      <object_component id="oc-47">
         <name>.int09</name>
         <load_address>0xfff2</load_address>
         <run_address>0xfff2</run_address>
         <size>0x2</size>
         <input_file_ref idref="fl-28"/>
      </object_component>
      <object_component id="oc-48">
         <name>.int10</name>
         <load_address>0xfff4</load_address>
         <run_address>0xfff4</run_address>
         <size>0x2</size>
         <input_file_ref idref="fl-29"/>
      </object_component>
      <object_component id="oc-49">
         <name>.int11</name>
         <load_address>0xfff6</load_address>
         <run_address>0xfff6</run_address>
         <size>0x2</size>
         <input_file_ref idref="fl-2a"/>
      </object_component>
      <object_component id="oc-4a">
         <name>.int12</name>
         <load_address>0xfff8</load_address>
         <run_address>0xfff8</run_address>
         <size>0x2</size>
         <input_file_ref idref="fl-2b"/>
      </object_component>
      <object_component id="oc-4b">
         <name>.int13</name>
         <load_address>0xfffa</load_address>
         <run_address>0xfffa</run_address>
         <size>0x2</size>
         <input_file_ref idref="fl-2c"/>
      </object_component>
      <object_component id="oc-4c">
         <name>.int14</name>
         <load_address>0xfffc</load_address>
         <run_address>0xfffc</run_address>
         <size>0x2</size>
         <input_file_ref idref="fl-2d"/>
      </object_component>
      <object_component id="oc-b4">
         <name>.reset</name>
         <load_address>0xfffe</load_address>
         <run_address>0xfffe</run_address>
         <size>0x2</size>
         <input_file_ref idref="fl-32"/>
      </object_component>
      <object_component id="oc-185">
         <name>.debug_info</name>
         <load_address>0x0</load_address>
         <run_address>0x0</run_address>
         <size>0x492</size>
         <input_file_ref idref="fl-2"/>
      </object_component>
      <object_component id="oc-141">
         <name>.debug_info</name>
         <load_address>0x492</load_address>
         <run_address>0x492</run_address>
         <size>0xcd</size>
         <input_file_ref idref="fl-2"/>
      </object_component>
      <object_component id="oc-13e">
         <name>.debug_info</name>
         <load_address>0x55f</load_address>
         <run_address>0x55f</run_address>
         <size>0xcf</size>
         <input_file_ref idref="fl-2"/>
      </object_component>
      <object_component id="oc-20a">
         <name>.debug_info</name>
         <load_address>0x62e</load_address>
         <run_address>0x62e</run_address>
         <size>0xc4</size>
         <input_file_ref idref="fl-2"/>
      </object_component>
      <object_component id="oc-195">
         <name>.debug_info</name>
         <load_address>0x6f2</load_address>
         <run_address>0x6f2</run_address>
         <size>0xff</size>
         <input_file_ref idref="fl-2"/>
      </object_component>
      <object_component id="oc-1a7">
         <name>.debug_info</name>
         <load_address>0x7f1</load_address>
         <run_address>0x7f1</run_address>
         <size>0xf1</size>
         <input_file_ref idref="fl-2"/>
      </object_component>
      <object_component id="oc-20e">
         <name>.debug_info</name>
         <load_address>0x8e2</load_address>
         <run_address>0x8e2</run_address>
         <size>0x14c</size>
         <input_file_ref idref="fl-2"/>
      </object_component>
      <object_component id="oc-1ad">
         <name>.debug_info</name>
         <load_address>0xa2e</load_address>
         <run_address>0xa2e</run_address>
         <size>0x26f</size>
         <input_file_ref idref="fl-2"/>
      </object_component>
      <object_component id="oc-15d">
         <name>.debug_info</name>
         <load_address>0xc9d</load_address>
         <run_address>0xc9d</run_address>
         <size>0x145</size>
         <input_file_ref idref="fl-2"/>
      </object_component>
      <object_component id="oc-e2">
         <name>.debug_info</name>
         <load_address>0xde2</load_address>
         <run_address>0xde2</run_address>
         <size>0x127</size>
         <input_file_ref idref="fl-2"/>
      </object_component>
      <object_component id="oc-1f4">
         <name>.debug_info</name>
         <load_address>0xf09</load_address>
         <run_address>0xf09</run_address>
         <size>0x26b</size>
         <input_file_ref idref="fl-2"/>
      </object_component>
      <object_component id="oc-ca">
         <name>.debug_info</name>
         <load_address>0x1174</load_address>
         <run_address>0x1174</run_address>
         <size>0x84</size>
         <input_file_ref idref="fl-2"/>
      </object_component>
      <object_component id="oc-18c">
         <name>.debug_info</name>
         <load_address>0x11f8</load_address>
         <run_address>0x11f8</run_address>
         <size>0x282</size>
         <input_file_ref idref="fl-2"/>
      </object_component>
      <object_component id="oc-149">
         <name>.debug_info</name>
         <load_address>0x147a</load_address>
         <run_address>0x147a</run_address>
         <size>0xbb</size>
         <input_file_ref idref="fl-2"/>
      </object_component>
      <object_component id="oc-130">
         <name>.debug_info</name>
         <load_address>0x1535</load_address>
         <run_address>0x1535</run_address>
         <size>0x2c</size>
         <input_file_ref idref="fl-2"/>
      </object_component>
      <object_component id="oc-1f9">
         <name>.debug_info</name>
         <load_address>0x1561</load_address>
         <run_address>0x1561</run_address>
         <size>0x35</size>
         <input_file_ref idref="fl-2"/>
      </object_component>
      <object_component id="oc-26a">
         <name>.debug_info</name>
         <load_address>0x1596</load_address>
         <run_address>0x1596</run_address>
         <size>0x1ae</size>
         <input_file_ref idref="fl-3"/>
      </object_component>
      <object_component id="oc-2bb">
         <name>.debug_info</name>
         <load_address>0x1744</load_address>
         <run_address>0x1744</run_address>
         <size>0xc3</size>
         <input_file_ref idref="fl-3"/>
      </object_component>
      <object_component id="oc-2be">
         <name>.debug_info</name>
         <load_address>0x1807</load_address>
         <run_address>0x1807</run_address>
         <size>0xc5</size>
         <input_file_ref idref="fl-3"/>
      </object_component>
      <object_component id="oc-29b">
         <name>.debug_info</name>
         <load_address>0x18cc</load_address>
         <run_address>0x18cc</run_address>
         <size>0xff</size>
         <input_file_ref idref="fl-3"/>
      </object_component>
      <object_component id="oc-2a1">
         <name>.debug_info</name>
         <load_address>0x19cb</load_address>
         <run_address>0x19cb</run_address>
         <size>0x145</size>
         <input_file_ref idref="fl-3"/>
      </object_component>
      <object_component id="oc-2a7">
         <name>.debug_info</name>
         <load_address>0x1b10</load_address>
         <run_address>0x1b10</run_address>
         <size>0x105</size>
         <input_file_ref idref="fl-3"/>
      </object_component>
      <object_component id="oc-2ad">
         <name>.debug_info</name>
         <load_address>0x1c15</load_address>
         <run_address>0x1c15</run_address>
         <size>0xfd</size>
         <input_file_ref idref="fl-3"/>
      </object_component>
      <object_component id="oc-254">
         <name>.debug_info</name>
         <load_address>0x1d12</load_address>
         <run_address>0x1d12</run_address>
         <size>0x1e4</size>
         <input_file_ref idref="fl-3"/>
      </object_component>
      <object_component id="oc-25a">
         <name>.debug_info</name>
         <load_address>0x1ef6</load_address>
         <run_address>0x1ef6</run_address>
         <size>0x1d2</size>
         <input_file_ref idref="fl-3"/>
      </object_component>
      <object_component id="oc-201">
         <name>.debug_info</name>
         <load_address>0x20c8</load_address>
         <run_address>0x20c8</run_address>
         <size>0x16e</size>
         <input_file_ref idref="fl-3"/>
      </object_component>
      <object_component id="oc-2b5">
         <name>.debug_info</name>
         <load_address>0x2236</load_address>
         <run_address>0x2236</run_address>
         <size>0x180</size>
         <input_file_ref idref="fl-3"/>
      </object_component>
      <object_component id="oc-264">
         <name>.debug_info</name>
         <load_address>0x23b6</load_address>
         <run_address>0x23b6</run_address>
         <size>0x241</size>
         <input_file_ref idref="fl-3"/>
      </object_component>
      <object_component id="oc-214">
         <name>.debug_info</name>
         <load_address>0x25f7</load_address>
         <run_address>0x25f7</run_address>
         <size>0x1ad</size>
         <input_file_ref idref="fl-3"/>
      </object_component>
      <object_component id="oc-1a2">
         <name>.debug_info</name>
         <load_address>0x27a4</load_address>
         <run_address>0x27a4</run_address>
         <size>0x163</size>
         <input_file_ref idref="fl-3"/>
      </object_component>
      <object_component id="oc-19d">
         <name>.debug_info</name>
         <load_address>0x2907</load_address>
         <run_address>0x2907</run_address>
         <size>0x327</size>
         <input_file_ref idref="fl-3"/>
      </object_component>
      <object_component id="oc-2d9">
         <name>.debug_info</name>
         <load_address>0x2c2e</load_address>
         <run_address>0x2c2e</run_address>
         <size>0x120</size>
         <input_file_ref idref="fl-1e"/>
      </object_component>
      <object_component id="oc-146">
         <name>.debug_info</name>
         <load_address>0x2d4e</load_address>
         <run_address>0x2d4e</run_address>
         <size>0x135</size>
         <input_file_ref idref="fl-1f"/>
      </object_component>
      <object_component id="oc-187">
         <name>.debug_info</name>
         <load_address>0x2e83</load_address>
         <run_address>0x2e83</run_address>
         <size>0x121</size>
         <input_file_ref idref="fl-20"/>
      </object_component>
      <object_component id="oc-c0">
         <name>.debug_info</name>
         <load_address>0x2fa4</load_address>
         <run_address>0x2fa4</run_address>
         <size>0x12e</size>
         <input_file_ref idref="fl-21"/>
      </object_component>
      <object_component id="oc-de">
         <name>.debug_info</name>
         <load_address>0x30d2</load_address>
         <run_address>0x30d2</run_address>
         <size>0x10f</size>
         <input_file_ref idref="fl-2e"/>
      </object_component>
      <object_component id="oc-b6">
         <name>.debug_info</name>
         <load_address>0x31e1</load_address>
         <run_address>0x31e1</run_address>
         <size>0x120</size>
         <input_file_ref idref="fl-2f"/>
      </object_component>
      <object_component id="oc-bc">
         <name>.debug_info</name>
         <load_address>0x3301</load_address>
         <run_address>0x3301</run_address>
         <size>0x120</size>
         <input_file_ref idref="fl-30"/>
      </object_component>
      <object_component id="oc-290">
         <name>.debug_info</name>
         <load_address>0x3421</load_address>
         <run_address>0x3421</run_address>
         <size>0x121</size>
         <input_file_ref idref="fl-31"/>
      </object_component>
      <object_component id="oc-b2">
         <name>.debug_info</name>
         <load_address>0x3542</load_address>
         <run_address>0x3542</run_address>
         <size>0x100</size>
         <input_file_ref idref="fl-32"/>
      </object_component>
      <object_component id="oc-fc">
         <name>.debug_info</name>
         <load_address>0x3642</load_address>
         <run_address>0x3642</run_address>
         <size>0x17a</size>
         <input_file_ref idref="fl-32"/>
      </object_component>
      <object_component id="oc-239">
         <name>.debug_info</name>
         <load_address>0x37bc</load_address>
         <run_address>0x37bc</run_address>
         <size>0x3de</size>
         <input_file_ref idref="fl-33"/>
      </object_component>
      <object_component id="oc-1c0">
         <name>.debug_info</name>
         <load_address>0x3b9a</load_address>
         <run_address>0x3b9a</run_address>
         <size>0x1e0</size>
         <input_file_ref idref="fl-33"/>
      </object_component>
      <object_component id="oc-284">
         <name>.debug_info</name>
         <load_address>0x3d7a</load_address>
         <run_address>0x3d7a</run_address>
         <size>0x39</size>
         <input_file_ref idref="fl-33"/>
      </object_component>
      <object_component id="oc-295">
         <name>.debug_info</name>
         <load_address>0x3db3</load_address>
         <run_address>0x3db3</run_address>
         <size>0x2c</size>
         <input_file_ref idref="fl-33"/>
      </object_component>
      <object_component id="oc-244">
         <name>.debug_info</name>
         <load_address>0x3ddf</load_address>
         <run_address>0x3ddf</run_address>
         <size>0x2c</size>
         <input_file_ref idref="fl-33"/>
      </object_component>
      <object_component id="oc-289">
         <name>.debug_info</name>
         <load_address>0x3e0b</load_address>
         <run_address>0x3e0b</run_address>
         <size>0xcd</size>
         <input_file_ref idref="fl-33"/>
      </object_component>
      <object_component id="oc-15a">
         <name>.debug_info</name>
         <load_address>0x3ed8</load_address>
         <run_address>0x3ed8</run_address>
         <size>0x153</size>
         <input_file_ref idref="fl-37"/>
      </object_component>
      <object_component id="oc-236">
         <name>.debug_info</name>
         <load_address>0x402b</load_address>
         <run_address>0x402b</run_address>
         <size>0x150</size>
         <input_file_ref idref="fl-38"/>
      </object_component>
      <object_component id="oc-db">
         <name>.debug_info</name>
         <load_address>0x417b</load_address>
         <run_address>0x417b</run_address>
         <size>0x180</size>
         <input_file_ref idref="fl-39"/>
      </object_component>
      <object_component id="oc-3c">
         <name>.debug_info</name>
         <load_address>0x42fb</load_address>
         <run_address>0x42fb</run_address>
         <size>0x1ea</size>
         <input_file_ref idref="fl-39"/>
      </object_component>
      <object_component id="oc-d6">
         <name>.debug_info</name>
         <load_address>0x44e5</load_address>
         <run_address>0x44e5</run_address>
         <size>0x46</size>
         <input_file_ref idref="fl-39"/>
      </object_component>
      <object_component id="oc-135">
         <name>.debug_info</name>
         <load_address>0x452b</load_address>
         <run_address>0x452b</run_address>
         <size>0x2c</size>
         <input_file_ref idref="fl-39"/>
      </object_component>
      <object_component id="oc-12d">
         <name>.debug_info</name>
         <load_address>0x4557</load_address>
         <run_address>0x4557</run_address>
         <size>0x176</size>
         <input_file_ref idref="fl-3a"/>
      </object_component>
      <object_component id="oc-36">
         <name>.debug_info</name>
         <load_address>0x46cd</load_address>
         <run_address>0x46cd</run_address>
         <size>0x292</size>
         <input_file_ref idref="fl-3a"/>
      </object_component>
      <object_component id="oc-c5">
         <name>.debug_info</name>
         <load_address>0x495f</load_address>
         <run_address>0x495f</run_address>
         <size>0x60</size>
         <input_file_ref idref="fl-3a"/>
      </object_component>
      <object_component id="oc-178">
         <name>.debug_info</name>
         <load_address>0x49bf</load_address>
         <run_address>0x49bf</run_address>
         <size>0x46</size>
         <input_file_ref idref="fl-3a"/>
      </object_component>
      <object_component id="oc-128">
         <name>.debug_info</name>
         <load_address>0x4a05</load_address>
         <run_address>0x4a05</run_address>
         <size>0x39</size>
         <input_file_ref idref="fl-3a"/>
      </object_component>
      <object_component id="oc-1b5">
         <name>.debug_info</name>
         <load_address>0x4a3e</load_address>
         <run_address>0x4a3e</run_address>
         <size>0x122</size>
         <input_file_ref idref="fl-3b"/>
      </object_component>
      <object_component id="oc-12f">
         <name>.debug_info</name>
         <load_address>0x4b60</load_address>
         <run_address>0x4b60</run_address>
         <size>0x181</size>
         <input_file_ref idref="fl-3e"/>
      </object_component>
      <object_component id="oc-d2">
         <name>.debug_info</name>
         <load_address>0x4ce1</load_address>
         <run_address>0x4ce1</run_address>
         <size>0x17a</size>
         <input_file_ref idref="fl-3e"/>
      </object_component>
      <object_component id="oc-26c">
         <name>.debug_info</name>
         <load_address>0x4e5b</load_address>
         <run_address>0x4e5b</run_address>
         <size>0x16d</size>
         <input_file_ref idref="fl-3f"/>
      </object_component>
      <object_component id="oc-21a">
         <name>.debug_info</name>
         <load_address>0x4fc8</load_address>
         <run_address>0x4fc8</run_address>
         <size>0x275</size>
         <input_file_ref idref="fl-3f"/>
      </object_component>
      <object_component id="oc-324">
         <name>.debug_info</name>
         <load_address>0x523d</load_address>
         <run_address>0x523d</run_address>
         <size>0x96</size>
      </object_component>
      <object_component id="oc-1f3">
         <name>.debug_line</name>
         <load_address>0x0</load_address>
         <run_address>0x0</run_address>
         <size>0xd3</size>
         <input_file_ref idref="fl-2"/>
      </object_component>
      <object_component id="oc-184">
         <name>.debug_line</name>
         <load_address>0xd3</load_address>
         <run_address>0xd3</run_address>
         <size>0x2d</size>
         <input_file_ref idref="fl-2"/>
      </object_component>
      <object_component id="oc-182">
         <name>.debug_line</name>
         <load_address>0x100</load_address>
         <run_address>0x100</run_address>
         <size>0x2d</size>
         <input_file_ref idref="fl-2"/>
      </object_component>
      <object_component id="oc-261">
         <name>.debug_line</name>
         <load_address>0x12d</load_address>
         <run_address>0x12d</run_address>
         <size>0x2d</size>
         <input_file_ref idref="fl-2"/>
      </object_component>
      <object_component id="oc-198">
         <name>.debug_line</name>
         <load_address>0x15a</load_address>
         <run_address>0x15a</run_address>
         <size>0x43</size>
         <input_file_ref idref="fl-2"/>
      </object_component>
      <object_component id="oc-1ab">
         <name>.debug_line</name>
         <load_address>0x19d</load_address>
         <run_address>0x19d</run_address>
         <size>0x4a</size>
         <input_file_ref idref="fl-2"/>
      </object_component>
      <object_component id="oc-212">
         <name>.debug_line</name>
         <load_address>0x1e7</load_address>
         <run_address>0x1e7</run_address>
         <size>0x4b</size>
         <input_file_ref idref="fl-2"/>
      </object_component>
      <object_component id="oc-1b0">
         <name>.debug_line</name>
         <load_address>0x232</load_address>
         <run_address>0x232</run_address>
         <size>0x6a</size>
         <input_file_ref idref="fl-2"/>
      </object_component>
      <object_component id="oc-160">
         <name>.debug_line</name>
         <load_address>0x29c</load_address>
         <run_address>0x29c</run_address>
         <size>0x4f</size>
         <input_file_ref idref="fl-2"/>
      </object_component>
      <object_component id="oc-e6">
         <name>.debug_line</name>
         <load_address>0x2eb</load_address>
         <run_address>0x2eb</run_address>
         <size>0x4d</size>
         <input_file_ref idref="fl-2"/>
      </object_component>
      <object_component id="oc-1f7">
         <name>.debug_line</name>
         <load_address>0x338</load_address>
         <run_address>0x338</run_address>
         <size>0x6f</size>
         <input_file_ref idref="fl-2"/>
      </object_component>
      <object_component id="oc-cd">
         <name>.debug_line</name>
         <load_address>0x3a7</load_address>
         <run_address>0x3a7</run_address>
         <size>0x20</size>
         <input_file_ref idref="fl-2"/>
      </object_component>
      <object_component id="oc-18f">
         <name>.debug_line</name>
         <load_address>0x3c7</load_address>
         <run_address>0x3c7</run_address>
         <size>0x73</size>
         <input_file_ref idref="fl-2"/>
      </object_component>
      <object_component id="oc-14c">
         <name>.debug_line</name>
         <load_address>0x43a</load_address>
         <run_address>0x43a</run_address>
         <size>0x70</size>
         <input_file_ref idref="fl-2"/>
      </object_component>
      <object_component id="oc-133">
         <name>.debug_line</name>
         <load_address>0x4aa</load_address>
         <run_address>0x4aa</run_address>
         <size>0x6b</size>
         <input_file_ref idref="fl-2"/>
      </object_component>
      <object_component id="oc-1fc">
         <name>.debug_line</name>
         <load_address>0x515</load_address>
         <run_address>0x515</run_address>
         <size>0x74</size>
         <input_file_ref idref="fl-2"/>
      </object_component>
      <object_component id="oc-2c2">
         <name>.debug_line</name>
         <load_address>0x589</load_address>
         <run_address>0x589</run_address>
         <size>0x58</size>
         <input_file_ref idref="fl-3"/>
      </object_component>
      <object_component id="oc-2dd">
         <name>.debug_line</name>
         <load_address>0x5e1</load_address>
         <run_address>0x5e1</run_address>
         <size>0x35</size>
         <input_file_ref idref="fl-3"/>
      </object_component>
      <object_component id="oc-2df">
         <name>.debug_line</name>
         <load_address>0x616</load_address>
         <run_address>0x616</run_address>
         <size>0x35</size>
         <input_file_ref idref="fl-3"/>
      </object_component>
      <object_component id="oc-29e">
         <name>.debug_line</name>
         <load_address>0x64b</load_address>
         <run_address>0x64b</run_address>
         <size>0x47</size>
         <input_file_ref idref="fl-3"/>
      </object_component>
      <object_component id="oc-2a5">
         <name>.debug_line</name>
         <load_address>0x692</load_address>
         <run_address>0x692</run_address>
         <size>0x65</size>
         <input_file_ref idref="fl-3"/>
      </object_component>
      <object_component id="oc-2aa">
         <name>.debug_line</name>
         <load_address>0x6f7</load_address>
         <run_address>0x6f7</run_address>
         <size>0x47</size>
         <input_file_ref idref="fl-3"/>
      </object_component>
      <object_component id="oc-2b1">
         <name>.debug_line</name>
         <load_address>0x73e</load_address>
         <run_address>0x73e</run_address>
         <size>0x4a</size>
         <input_file_ref idref="fl-3"/>
      </object_component>
      <object_component id="oc-257">
         <name>.debug_line</name>
         <load_address>0x788</load_address>
         <run_address>0x788</run_address>
         <size>0x5a</size>
         <input_file_ref idref="fl-3"/>
      </object_component>
      <object_component id="oc-25e">
         <name>.debug_line</name>
         <load_address>0x7e2</load_address>
         <run_address>0x7e2</run_address>
         <size>0x5a</size>
         <input_file_ref idref="fl-3"/>
      </object_component>
      <object_component id="oc-204">
         <name>.debug_line</name>
         <load_address>0x83c</load_address>
         <run_address>0x83c</run_address>
         <size>0x4b</size>
         <input_file_ref idref="fl-3"/>
      </object_component>
      <object_component id="oc-2b9">
         <name>.debug_line</name>
         <load_address>0x887</load_address>
         <run_address>0x887</run_address>
         <size>0x49</size>
         <input_file_ref idref="fl-3"/>
      </object_component>
      <object_component id="oc-267">
         <name>.debug_line</name>
         <load_address>0x8d0</load_address>
         <run_address>0x8d0</run_address>
         <size>0x7f</size>
         <input_file_ref idref="fl-3"/>
      </object_component>
      <object_component id="oc-218">
         <name>.debug_line</name>
         <load_address>0x94f</load_address>
         <run_address>0x94f</run_address>
         <size>0x5c</size>
         <input_file_ref idref="fl-3"/>
      </object_component>
      <object_component id="oc-1a1">
         <name>.debug_line</name>
         <load_address>0x9ab</load_address>
         <run_address>0x9ab</run_address>
         <size>0x58</size>
         <input_file_ref idref="fl-3"/>
      </object_component>
      <object_component id="oc-19b">
         <name>.debug_line</name>
         <load_address>0xa03</load_address>
         <run_address>0xa03</run_address>
         <size>0x63</size>
         <input_file_ref idref="fl-3"/>
      </object_component>
      <object_component id="oc-2d7">
         <name>.debug_line</name>
         <load_address>0xa66</load_address>
         <run_address>0xa66</run_address>
         <size>0x4e</size>
         <input_file_ref idref="fl-1e"/>
      </object_component>
      <object_component id="oc-144">
         <name>.debug_line</name>
         <load_address>0xab4</load_address>
         <run_address>0xab4</run_address>
         <size>0x4d</size>
         <input_file_ref idref="fl-1f"/>
      </object_component>
      <object_component id="oc-18a">
         <name>.debug_line</name>
         <load_address>0xb01</load_address>
         <run_address>0xb01</run_address>
         <size>0x43</size>
         <input_file_ref idref="fl-20"/>
      </object_component>
      <object_component id="oc-c3">
         <name>.debug_line</name>
         <load_address>0xb44</load_address>
         <run_address>0xb44</run_address>
         <size>0x40</size>
         <input_file_ref idref="fl-21"/>
      </object_component>
      <object_component id="oc-dd">
         <name>.debug_line</name>
         <load_address>0xb84</load_address>
         <run_address>0xb84</run_address>
         <size>0x3d</size>
         <input_file_ref idref="fl-2e"/>
      </object_component>
      <object_component id="oc-b9">
         <name>.debug_line</name>
         <load_address>0xbc1</load_address>
         <run_address>0xbc1</run_address>
         <size>0x4e</size>
         <input_file_ref idref="fl-2f"/>
      </object_component>
      <object_component id="oc-be">
         <name>.debug_line</name>
         <load_address>0xc0f</load_address>
         <run_address>0xc0f</run_address>
         <size>0x5e</size>
         <input_file_ref idref="fl-30"/>
      </object_component>
      <object_component id="oc-28f">
         <name>.debug_line</name>
         <load_address>0xc6d</load_address>
         <run_address>0xc6d</run_address>
         <size>0x42</size>
         <input_file_ref idref="fl-31"/>
      </object_component>
      <object_component id="oc-124">
         <name>.debug_line</name>
         <load_address>0xcaf</load_address>
         <run_address>0xcaf</run_address>
         <size>0x2a</size>
         <input_file_ref idref="fl-32"/>
      </object_component>
      <object_component id="oc-fa">
         <name>.debug_line</name>
         <load_address>0xcd9</load_address>
         <run_address>0xcd9</run_address>
         <size>0x46</size>
         <input_file_ref idref="fl-32"/>
      </object_component>
      <object_component id="oc-283">
         <name>.debug_line</name>
         <load_address>0xd1f</load_address>
         <run_address>0xd1f</run_address>
         <size>0xbf</size>
         <input_file_ref idref="fl-33"/>
      </object_component>
      <object_component id="oc-1c3">
         <name>.debug_line</name>
         <load_address>0xdde</load_address>
         <run_address>0xdde</run_address>
         <size>0x76</size>
         <input_file_ref idref="fl-33"/>
      </object_component>
      <object_component id="oc-287">
         <name>.debug_line</name>
         <load_address>0xe54</load_address>
         <run_address>0xe54</run_address>
         <size>0x2e</size>
         <input_file_ref idref="fl-33"/>
      </object_component>
      <object_component id="oc-298">
         <name>.debug_line</name>
         <load_address>0xe82</load_address>
         <run_address>0xe82</run_address>
         <size>0x9a</size>
         <input_file_ref idref="fl-33"/>
      </object_component>
      <object_component id="oc-247">
         <name>.debug_line</name>
         <load_address>0xf1c</load_address>
         <run_address>0xf1c</run_address>
         <size>0x97</size>
         <input_file_ref idref="fl-33"/>
      </object_component>
      <object_component id="oc-28c">
         <name>.debug_line</name>
         <load_address>0xfb3</load_address>
         <run_address>0xfb3</run_address>
         <size>0x93</size>
         <input_file_ref idref="fl-33"/>
      </object_component>
      <object_component id="oc-159">
         <name>.debug_line</name>
         <load_address>0x1046</load_address>
         <run_address>0x1046</run_address>
         <size>0x3e</size>
         <input_file_ref idref="fl-37"/>
      </object_component>
      <object_component id="oc-233">
         <name>.debug_line</name>
         <load_address>0x1084</load_address>
         <run_address>0x1084</run_address>
         <size>0x3a</size>
         <input_file_ref idref="fl-38"/>
      </object_component>
      <object_component id="oc-13b">
         <name>.debug_line</name>
         <load_address>0x10be</load_address>
         <run_address>0x10be</run_address>
         <size>0x20</size>
         <input_file_ref idref="fl-39"/>
      </object_component>
      <object_component id="oc-3e">
         <name>.debug_line</name>
         <load_address>0x10de</load_address>
         <run_address>0x10de</run_address>
         <size>0x50</size>
         <input_file_ref idref="fl-39"/>
      </object_component>
      <object_component id="oc-d9">
         <name>.debug_line</name>
         <load_address>0x112e</load_address>
         <run_address>0x112e</run_address>
         <size>0x3a</size>
         <input_file_ref idref="fl-39"/>
      </object_component>
      <object_component id="oc-138">
         <name>.debug_line</name>
         <load_address>0x1168</load_address>
         <run_address>0x1168</run_address>
         <size>0x92</size>
         <input_file_ref idref="fl-39"/>
      </object_component>
      <object_component id="oc-17e">
         <name>.debug_line</name>
         <load_address>0x11fa</load_address>
         <run_address>0x11fa</run_address>
         <size>0x20</size>
         <input_file_ref idref="fl-3a"/>
      </object_component>
      <object_component id="oc-39">
         <name>.debug_line</name>
         <load_address>0x121a</load_address>
         <run_address>0x121a</run_address>
         <size>0x92</size>
         <input_file_ref idref="fl-3a"/>
      </object_component>
      <object_component id="oc-c8">
         <name>.debug_line</name>
         <load_address>0x12ac</load_address>
         <run_address>0x12ac</run_address>
         <size>0x3a</size>
         <input_file_ref idref="fl-3a"/>
      </object_component>
      <object_component id="oc-17b">
         <name>.debug_line</name>
         <load_address>0x12e6</load_address>
         <run_address>0x12e6</run_address>
         <size>0x9a</size>
         <input_file_ref idref="fl-3a"/>
      </object_component>
      <object_component id="oc-12b">
         <name>.debug_line</name>
         <load_address>0x1380</load_address>
         <run_address>0x1380</run_address>
         <size>0x96</size>
         <input_file_ref idref="fl-3a"/>
      </object_component>
      <object_component id="oc-1b8">
         <name>.debug_line</name>
         <load_address>0x1416</load_address>
         <run_address>0x1416</run_address>
         <size>0x3d</size>
         <input_file_ref idref="fl-3b"/>
      </object_component>
      <object_component id="oc-180">
         <name>.debug_line</name>
         <load_address>0x1453</load_address>
         <run_address>0x1453</run_address>
         <size>0x20</size>
         <input_file_ref idref="fl-3e"/>
      </object_component>
      <object_component id="oc-d4">
         <name>.debug_line</name>
         <load_address>0x1473</load_address>
         <run_address>0x1473</run_address>
         <size>0x42</size>
         <input_file_ref idref="fl-3e"/>
      </object_component>
      <object_component id="oc-2c4">
         <name>.debug_line</name>
         <load_address>0x14b5</load_address>
         <run_address>0x14b5</run_address>
         <size>0x20</size>
         <input_file_ref idref="fl-3f"/>
      </object_component>
      <object_component id="oc-21e">
         <name>.debug_line</name>
         <load_address>0x14d5</load_address>
         <run_address>0x14d5</run_address>
         <size>0xab</size>
         <input_file_ref idref="fl-3f"/>
      </object_component>
      <object_component id="oc-199">
         <name>.debug_frame</name>
         <load_address>0x0</load_address>
         <run_address>0x0</run_address>
         <size>0x3c</size>
         <input_file_ref idref="fl-2"/>
      </object_component>
      <object_component id="oc-1aa">
         <name>.debug_frame</name>
         <load_address>0x3c</load_address>
         <run_address>0x3c</run_address>
         <size>0x3c</size>
         <input_file_ref idref="fl-2"/>
      </object_component>
      <object_component id="oc-211">
         <name>.debug_frame</name>
         <load_address>0x78</load_address>
         <run_address>0x78</run_address>
         <size>0x3c</size>
         <input_file_ref idref="fl-2"/>
      </object_component>
      <object_component id="oc-1b1">
         <name>.debug_frame</name>
         <load_address>0xb4</load_address>
         <run_address>0xb4</run_address>
         <size>0x4c</size>
         <input_file_ref idref="fl-2"/>
      </object_component>
      <object_component id="oc-161">
         <name>.debug_frame</name>
         <load_address>0x100</load_address>
         <run_address>0x100</run_address>
         <size>0x3c</size>
         <input_file_ref idref="fl-2"/>
      </object_component>
      <object_component id="oc-e5">
         <name>.debug_frame</name>
         <load_address>0x13c</load_address>
         <run_address>0x13c</run_address>
         <size>0x64</size>
         <input_file_ref idref="fl-2"/>
      </object_component>
      <object_component id="oc-29f">
         <name>.debug_frame</name>
         <load_address>0x1a0</load_address>
         <run_address>0x1a0</run_address>
         <size>0x3c</size>
         <input_file_ref idref="fl-3"/>
      </object_component>
      <object_component id="oc-2a4">
         <name>.debug_frame</name>
         <load_address>0x1dc</load_address>
         <run_address>0x1dc</run_address>
         <size>0x3c</size>
         <input_file_ref idref="fl-3"/>
      </object_component>
      <object_component id="oc-2ab">
         <name>.debug_frame</name>
         <load_address>0x218</load_address>
         <run_address>0x218</run_address>
         <size>0x3c</size>
         <input_file_ref idref="fl-3"/>
      </object_component>
      <object_component id="oc-2b0">
         <name>.debug_frame</name>
         <load_address>0x254</load_address>
         <run_address>0x254</run_address>
         <size>0x3c</size>
         <input_file_ref idref="fl-3"/>
      </object_component>
      <object_component id="oc-258">
         <name>.debug_frame</name>
         <load_address>0x290</load_address>
         <run_address>0x290</run_address>
         <size>0x3c</size>
         <input_file_ref idref="fl-3"/>
      </object_component>
      <object_component id="oc-25d">
         <name>.debug_frame</name>
         <load_address>0x2cc</load_address>
         <run_address>0x2cc</run_address>
         <size>0x3c</size>
         <input_file_ref idref="fl-3"/>
      </object_component>
      <object_component id="oc-205">
         <name>.debug_frame</name>
         <load_address>0x308</load_address>
         <run_address>0x308</run_address>
         <size>0x3c</size>
         <input_file_ref idref="fl-3"/>
      </object_component>
      <object_component id="oc-2b8">
         <name>.debug_frame</name>
         <load_address>0x344</load_address>
         <run_address>0x344</run_address>
         <size>0x3c</size>
         <input_file_ref idref="fl-3"/>
      </object_component>
      <object_component id="oc-268">
         <name>.debug_frame</name>
         <load_address>0x380</load_address>
         <run_address>0x380</run_address>
         <size>0x4c</size>
         <input_file_ref idref="fl-3"/>
      </object_component>
      <object_component id="oc-217">
         <name>.debug_frame</name>
         <load_address>0x3cc</load_address>
         <run_address>0x3cc</run_address>
         <size>0x54</size>
         <input_file_ref idref="fl-3"/>
      </object_component>
      <object_component id="oc-1a5">
         <name>.debug_frame</name>
         <load_address>0x420</load_address>
         <run_address>0x420</run_address>
         <size>0x44</size>
         <input_file_ref idref="fl-3"/>
      </object_component>
      <object_component id="oc-19c">
         <name>.debug_frame</name>
         <load_address>0x464</load_address>
         <run_address>0x464</run_address>
         <size>0x40</size>
         <input_file_ref idref="fl-3"/>
      </object_component>
      <object_component id="oc-fe">
         <name>.debug_frame</name>
         <load_address>0x4a4</load_address>
         <run_address>0x4a4</run_address>
         <size>0x34</size>
         <input_file_ref idref="fl-32"/>
      </object_component>
      <object_component id="oc-1c4">
         <name>.debug_frame</name>
         <load_address>0x4d8</load_address>
         <run_address>0x4d8</run_address>
         <size>0x44</size>
         <input_file_ref idref="fl-33"/>
      </object_component>
      <object_component id="oc-157">
         <name>.debug_frame</name>
         <load_address>0x51c</load_address>
         <run_address>0x51c</run_address>
         <size>0x3c</size>
         <input_file_ref idref="fl-37"/>
      </object_component>
      <object_component id="oc-234">
         <name>.debug_frame</name>
         <load_address>0x558</load_address>
         <run_address>0x558</run_address>
         <size>0x3c</size>
         <input_file_ref idref="fl-38"/>
      </object_component>
      <object_component id="oc-3f">
         <name>.debug_frame</name>
         <load_address>0x594</load_address>
         <run_address>0x594</run_address>
         <size>0x3c</size>
         <input_file_ref idref="fl-39"/>
      </object_component>
      <object_component id="oc-38">
         <name>.debug_frame</name>
         <load_address>0x5d0</load_address>
         <run_address>0x5d0</run_address>
         <size>0x48</size>
         <input_file_ref idref="fl-3a"/>
      </object_component>
      <object_component id="oc-1b4">
         <name>.debug_frame</name>
         <load_address>0x618</load_address>
         <run_address>0x618</run_address>
         <size>0x3c</size>
         <input_file_ref idref="fl-3b"/>
      </object_component>
      <object_component id="oc-d0">
         <name>.debug_frame</name>
         <load_address>0x654</load_address>
         <run_address>0x654</run_address>
         <size>0x3c</size>
         <input_file_ref idref="fl-3e"/>
      </object_component>
      <object_component id="oc-21d">
         <name>.debug_frame</name>
         <load_address>0x690</load_address>
         <run_address>0x690</run_address>
         <size>0x3c</size>
         <input_file_ref idref="fl-3f"/>
      </object_component>
      <object_component id="oc-1f2">
         <name>.debug_abbrev</name>
         <load_address>0x0</load_address>
         <run_address>0x0</run_address>
         <size>0xf8</size>
         <input_file_ref idref="fl-2"/>
      </object_component>
      <object_component id="oc-183">
         <name>.debug_abbrev</name>
         <load_address>0xf8</load_address>
         <run_address>0xf8</run_address>
         <size>0x29</size>
         <input_file_ref idref="fl-2"/>
      </object_component>
      <object_component id="oc-181">
         <name>.debug_abbrev</name>
         <load_address>0x121</load_address>
         <run_address>0x121</run_address>
         <size>0x29</size>
         <input_file_ref idref="fl-2"/>
      </object_component>
      <object_component id="oc-260">
         <name>.debug_abbrev</name>
         <load_address>0x14a</load_address>
         <run_address>0x14a</run_address>
         <size>0x27</size>
         <input_file_ref idref="fl-2"/>
      </object_component>
      <object_component id="oc-1ff">
         <name>.debug_abbrev</name>
         <load_address>0x171</load_address>
         <run_address>0x171</run_address>
         <size>0x50</size>
         <input_file_ref idref="fl-2"/>
      </object_component>
      <object_component id="oc-208">
         <name>.debug_abbrev</name>
         <load_address>0x1c1</load_address>
         <run_address>0x1c1</run_address>
         <size>0x50</size>
         <input_file_ref idref="fl-2"/>
      </object_component>
      <object_component id="oc-262">
         <name>.debug_abbrev</name>
         <load_address>0x211</load_address>
         <run_address>0x211</run_address>
         <size>0x6c</size>
         <input_file_ref idref="fl-2"/>
      </object_component>
      <object_component id="oc-21f">
         <name>.debug_abbrev</name>
         <load_address>0x27d</load_address>
         <run_address>0x27d</run_address>
         <size>0x7a</size>
         <input_file_ref idref="fl-2"/>
      </object_component>
      <object_component id="oc-1b2">
         <name>.debug_abbrev</name>
         <load_address>0x2f7</load_address>
         <run_address>0x2f7</run_address>
         <size>0x54</size>
         <input_file_ref idref="fl-2"/>
      </object_component>
      <object_component id="oc-148">
         <name>.debug_abbrev</name>
         <load_address>0x34b</load_address>
         <run_address>0x34b</run_address>
         <size>0x6f</size>
         <input_file_ref idref="fl-2"/>
      </object_component>
      <object_component id="oc-1f6">
         <name>.debug_abbrev</name>
         <load_address>0x3ba</load_address>
         <run_address>0x3ba</run_address>
         <size>0x69</size>
         <input_file_ref idref="fl-2"/>
      </object_component>
      <object_component id="oc-cc">
         <name>.debug_abbrev</name>
         <load_address>0x423</load_address>
         <run_address>0x423</run_address>
         <size>0x1f</size>
         <input_file_ref idref="fl-2"/>
      </object_component>
      <object_component id="oc-18e">
         <name>.debug_abbrev</name>
         <load_address>0x442</load_address>
         <run_address>0x442</run_address>
         <size>0x35</size>
         <input_file_ref idref="fl-2"/>
      </object_component>
      <object_component id="oc-14b">
         <name>.debug_abbrev</name>
         <load_address>0x477</load_address>
         <run_address>0x477</run_address>
         <size>0x24</size>
         <input_file_ref idref="fl-2"/>
      </object_component>
      <object_component id="oc-132">
         <name>.debug_abbrev</name>
         <load_address>0x49b</load_address>
         <run_address>0x49b</run_address>
         <size>0x24</size>
         <input_file_ref idref="fl-2"/>
      </object_component>
      <object_component id="oc-1fb">
         <name>.debug_abbrev</name>
         <load_address>0x4bf</load_address>
         <run_address>0x4bf</run_address>
         <size>0x33</size>
         <input_file_ref idref="fl-2"/>
      </object_component>
      <object_component id="oc-2c1">
         <name>.debug_abbrev</name>
         <load_address>0x4f2</load_address>
         <run_address>0x4f2</run_address>
         <size>0x73</size>
         <input_file_ref idref="fl-3"/>
      </object_component>
      <object_component id="oc-2dc">
         <name>.debug_abbrev</name>
         <load_address>0x565</load_address>
         <run_address>0x565</run_address>
         <size>0x29</size>
         <input_file_ref idref="fl-3"/>
      </object_component>
      <object_component id="oc-2de">
         <name>.debug_abbrev</name>
         <load_address>0x58e</load_address>
         <run_address>0x58e</run_address>
         <size>0x29</size>
         <input_file_ref idref="fl-3"/>
      </object_component>
      <object_component id="oc-2d2">
         <name>.debug_abbrev</name>
         <load_address>0x5b7</load_address>
         <run_address>0x5b7</run_address>
         <size>0x50</size>
         <input_file_ref idref="fl-3"/>
      </object_component>
      <object_component id="oc-2d3">
         <name>.debug_abbrev</name>
         <load_address>0x607</load_address>
         <run_address>0x607</run_address>
         <size>0x6c</size>
         <input_file_ref idref="fl-3"/>
      </object_component>
      <object_component id="oc-2d4">
         <name>.debug_abbrev</name>
         <load_address>0x673</load_address>
         <run_address>0x673</run_address>
         <size>0x50</size>
         <input_file_ref idref="fl-3"/>
      </object_component>
      <object_component id="oc-2d5">
         <name>.debug_abbrev</name>
         <load_address>0x6c3</load_address>
         <run_address>0x6c3</run_address>
         <size>0x50</size>
         <input_file_ref idref="fl-3"/>
      </object_component>
      <object_component id="oc-2b2">
         <name>.debug_abbrev</name>
         <load_address>0x713</load_address>
         <run_address>0x713</run_address>
         <size>0x7a</size>
         <input_file_ref idref="fl-3"/>
      </object_component>
      <object_component id="oc-2b3">
         <name>.debug_abbrev</name>
         <load_address>0x78d</load_address>
         <run_address>0x78d</run_address>
         <size>0x7a</size>
         <input_file_ref idref="fl-3"/>
      </object_component>
      <object_component id="oc-25f">
         <name>.debug_abbrev</name>
         <load_address>0x807</load_address>
         <run_address>0x807</run_address>
         <size>0x7a</size>
         <input_file_ref idref="fl-3"/>
      </object_component>
      <object_component id="oc-2db">
         <name>.debug_abbrev</name>
         <load_address>0x881</load_address>
         <run_address>0x881</run_address>
         <size>0x7a</size>
         <input_file_ref idref="fl-3"/>
      </object_component>
      <object_component id="oc-2c0">
         <name>.debug_abbrev</name>
         <load_address>0x8fb</load_address>
         <run_address>0x8fb</run_address>
         <size>0x7a</size>
         <input_file_ref idref="fl-3"/>
      </object_component>
      <object_component id="oc-269">
         <name>.debug_abbrev</name>
         <load_address>0x975</load_address>
         <run_address>0x975</run_address>
         <size>0x7a</size>
         <input_file_ref idref="fl-3"/>
      </object_component>
      <object_component id="oc-207">
         <name>.debug_abbrev</name>
         <load_address>0x9ef</load_address>
         <run_address>0x9ef</run_address>
         <size>0x6c</size>
         <input_file_ref idref="fl-3"/>
      </object_component>
      <object_component id="oc-206">
         <name>.debug_abbrev</name>
         <load_address>0xa5b</load_address>
         <run_address>0xa5b</run_address>
         <size>0x5e</size>
         <input_file_ref idref="fl-3"/>
      </object_component>
      <object_component id="oc-2e0">
         <name>.debug_abbrev</name>
         <load_address>0xab9</load_address>
         <run_address>0xab9</run_address>
         <size>0x3c</size>
         <input_file_ref idref="fl-1e"/>
      </object_component>
      <object_component id="oc-18b">
         <name>.debug_abbrev</name>
         <load_address>0xaf5</load_address>
         <run_address>0xaf5</run_address>
         <size>0x4a</size>
         <input_file_ref idref="fl-1f"/>
      </object_component>
      <object_component id="oc-1fe">
         <name>.debug_abbrev</name>
         <load_address>0xb3f</load_address>
         <run_address>0xb3f</run_address>
         <size>0x3c</size>
         <input_file_ref idref="fl-20"/>
      </object_component>
      <object_component id="oc-127">
         <name>.debug_abbrev</name>
         <load_address>0xb7b</load_address>
         <run_address>0xb7b</run_address>
         <size>0x3a</size>
         <input_file_ref idref="fl-21"/>
      </object_component>
      <object_component id="oc-13c">
         <name>.debug_abbrev</name>
         <load_address>0xbb5</load_address>
         <run_address>0xbb5</run_address>
         <size>0x28</size>
         <input_file_ref idref="fl-2e"/>
      </object_component>
      <object_component id="oc-125">
         <name>.debug_abbrev</name>
         <load_address>0xbdd</load_address>
         <run_address>0xbdd</run_address>
         <size>0x3c</size>
         <input_file_ref idref="fl-2f"/>
      </object_component>
      <object_component id="oc-126">
         <name>.debug_abbrev</name>
         <load_address>0xc19</load_address>
         <run_address>0xc19</run_address>
         <size>0x3c</size>
         <input_file_ref idref="fl-30"/>
      </object_component>
      <object_component id="oc-2ca">
         <name>.debug_abbrev</name>
         <load_address>0xc55</load_address>
         <run_address>0xc55</run_address>
         <size>0x3c</size>
         <input_file_ref idref="fl-31"/>
      </object_component>
      <object_component id="oc-123">
         <name>.debug_abbrev</name>
         <load_address>0xc91</load_address>
         <run_address>0xc91</run_address>
         <size>0x29</size>
         <input_file_ref idref="fl-32"/>
      </object_component>
      <object_component id="oc-165">
         <name>.debug_abbrev</name>
         <load_address>0xcba</load_address>
         <run_address>0xcba</run_address>
         <size>0x58</size>
         <input_file_ref idref="fl-32"/>
      </object_component>
      <object_component id="oc-282">
         <name>.debug_abbrev</name>
         <load_address>0xd12</load_address>
         <run_address>0xd12</run_address>
         <size>0xc0</size>
         <input_file_ref idref="fl-33"/>
      </object_component>
      <object_component id="oc-238">
         <name>.debug_abbrev</name>
         <load_address>0xdd2</load_address>
         <run_address>0xdd2</run_address>
         <size>0x7e</size>
         <input_file_ref idref="fl-33"/>
      </object_component>
      <object_component id="oc-286">
         <name>.debug_abbrev</name>
         <load_address>0xe50</load_address>
         <run_address>0xe50</run_address>
         <size>0x24</size>
         <input_file_ref idref="fl-33"/>
      </object_component>
      <object_component id="oc-297">
         <name>.debug_abbrev</name>
         <load_address>0xe74</load_address>
         <run_address>0xe74</run_address>
         <size>0x24</size>
         <input_file_ref idref="fl-33"/>
      </object_component>
      <object_component id="oc-246">
         <name>.debug_abbrev</name>
         <load_address>0xe98</load_address>
         <run_address>0xe98</run_address>
         <size>0x24</size>
         <input_file_ref idref="fl-33"/>
      </object_component>
      <object_component id="oc-28b">
         <name>.debug_abbrev</name>
         <load_address>0xebc</load_address>
         <run_address>0xebc</run_address>
         <size>0x4b</size>
         <input_file_ref idref="fl-33"/>
      </object_component>
      <object_component id="oc-193">
         <name>.debug_abbrev</name>
         <load_address>0xf07</load_address>
         <run_address>0xf07</run_address>
         <size>0x55</size>
         <input_file_ref idref="fl-37"/>
      </object_component>
      <object_component id="oc-281">
         <name>.debug_abbrev</name>
         <load_address>0xf5c</load_address>
         <run_address>0xf5c</run_address>
         <size>0x53</size>
         <input_file_ref idref="fl-38"/>
      </object_component>
      <object_component id="oc-13a">
         <name>.debug_abbrev</name>
         <load_address>0xfaf</load_address>
         <run_address>0xfaf</run_address>
         <size>0x37</size>
         <input_file_ref idref="fl-39"/>
      </object_component>
      <object_component id="oc-d5">
         <name>.debug_abbrev</name>
         <load_address>0xfe6</load_address>
         <run_address>0xfe6</run_address>
         <size>0x74</size>
         <input_file_ref idref="fl-39"/>
      </object_component>
      <object_component id="oc-d8">
         <name>.debug_abbrev</name>
         <load_address>0x105a</load_address>
         <run_address>0x105a</run_address>
         <size>0x24</size>
         <input_file_ref idref="fl-39"/>
      </object_component>
      <object_component id="oc-137">
         <name>.debug_abbrev</name>
         <load_address>0x107e</load_address>
         <run_address>0x107e</run_address>
         <size>0x24</size>
         <input_file_ref idref="fl-39"/>
      </object_component>
      <object_component id="oc-17d">
         <name>.debug_abbrev</name>
         <load_address>0x10a2</load_address>
         <run_address>0x10a2</run_address>
         <size>0x37</size>
         <input_file_ref idref="fl-3a"/>
      </object_component>
      <object_component id="oc-c4">
         <name>.debug_abbrev</name>
         <load_address>0x10d9</load_address>
         <run_address>0x10d9</run_address>
         <size>0x7d</size>
         <input_file_ref idref="fl-3a"/>
      </object_component>
      <object_component id="oc-c7">
         <name>.debug_abbrev</name>
         <load_address>0x1156</load_address>
         <run_address>0x1156</run_address>
         <size>0x24</size>
         <input_file_ref idref="fl-3a"/>
      </object_component>
      <object_component id="oc-17a">
         <name>.debug_abbrev</name>
         <load_address>0x117a</load_address>
         <run_address>0x117a</run_address>
         <size>0x35</size>
         <input_file_ref idref="fl-3a"/>
      </object_component>
      <object_component id="oc-12a">
         <name>.debug_abbrev</name>
         <load_address>0x11af</load_address>
         <run_address>0x11af</run_address>
         <size>0x24</size>
         <input_file_ref idref="fl-3a"/>
      </object_component>
      <object_component id="oc-220">
         <name>.debug_abbrev</name>
         <load_address>0x11d3</load_address>
         <run_address>0x11d3</run_address>
         <size>0x45</size>
         <input_file_ref idref="fl-3b"/>
      </object_component>
      <object_component id="oc-17f">
         <name>.debug_abbrev</name>
         <load_address>0x1218</load_address>
         <run_address>0x1218</run_address>
         <size>0x45</size>
         <input_file_ref idref="fl-3e"/>
      </object_component>
      <object_component id="oc-12e">
         <name>.debug_abbrev</name>
         <load_address>0x125d</load_address>
         <run_address>0x125d</run_address>
         <size>0x71</size>
         <input_file_ref idref="fl-3e"/>
      </object_component>
      <object_component id="oc-2c3">
         <name>.debug_abbrev</name>
         <load_address>0x12ce</load_address>
         <run_address>0x12ce</run_address>
         <size>0x35</size>
         <input_file_ref idref="fl-3f"/>
      </object_component>
      <object_component id="oc-26b">
         <name>.debug_abbrev</name>
         <load_address>0x1303</load_address>
         <run_address>0x1303</run_address>
         <size>0x71</size>
         <input_file_ref idref="fl-3f"/>
      </object_component>
      <object_component id="oc-325">
         <name>.debug_abbrev</name>
         <load_address>0x1374</load_address>
         <run_address>0x1374</run_address>
         <size>0xf</size>
      </object_component>
      <object_component id="oc-1f8">
         <name>.debug_str</name>
         <load_address>0x0</load_address>
         <run_address>0x0</run_address>
         <size>0x2a7</size>
         <input_file_ref idref="fl-2"/>
      </object_component>
      <object_component id="oc-ce">
         <name>.debug_str</name>
         <load_address>0x2a7</load_address>
         <run_address>0x2a7</run_address>
         <size>0xfd</size>
         <input_file_ref idref="fl-2"/>
      </object_component>
      <object_component id="oc-190">
[...]
      <symbol id="sm-56">
         <name>CALDCO_16MHZ</name>
         <value>0x10f8</value>
      </symbol>
      <symbol id="sm-57">
         <name>CALBC1_16MHZ</name>
         <value>0x10f9</value>
      </symbol>
      <symbol id="sm-58">
         <name>CALDCO_12MHZ</name>
         <value>0x10fa</value>
      </symbol>
      <symbol id="sm-59">
         <name>CALBC1_12MHZ</name>
         <value>0x10fb</value>
      </symbol>
      <symbol id="sm-5a">
         <name>CALDCO_8MHZ</name>
         <value>0x10fc</value>
      </symbol>
      <symbol id="sm-5b">
         <name>CALBC1_8MHZ</name>
         <value>0x10fd</value>
      </symbol>
      <symbol id="sm-5c">
         <name>CALDCO_1MHZ</name>
         <value>0x10fe</value>
      </symbol>
      <symbol id="sm-5d">
         <name>CALBC1_1MHZ</name>
         <value>0x10ff</value>
      </symbol>
      <symbol id="sm-5e">
         <name>TLV_CHECKSUM</name>
         <value>0x10c0</value>
      </symbol>
      <symbol id="sm-5f">
         <name>TLV_DCO_30_TAG</name>
         <value>0x10f6</value>
      </symbol>
      <symbol id="sm-60">
         <name>TLV_DCO_30_LEN</name>
         <value>0x10f7</value>
      </symbol>
      <symbol id="sm-61">
         <name>TLV_ADC10_1_TAG</name>
         <value>0x10da</value>
      </symbol>
      <symbol id="sm-62">
         <name>TLV_ADC10_1_LEN</name>
         <value>0x10db</value>
      </symbol>
      <symbol id="sm-63">
         <name>__TI_CINIT_Base</name>
         <value>0xd042</value>
      </symbol>
      <symbol id="sm-64">
         <name>__TI_CINIT_Limit</name>
         <value>0xd046</value>
      </symbol>
      <symbol id="sm-65">
         <name>__TI_CINIT_Warm</name>
         <value>0xd046</value>
      </symbol>
      <symbol id="sm-66">
         <name>__TI_Handler_Table_Base</name>
         <value>0xd03e</value>
      </symbol>
      <symbol id="sm-67">
         <name>__TI_Handler_Table_Limit</name>
         <value>0xd042</value>
      </symbol>
      <symbol id="sm-68">
         <name>__STACK_SIZE</name>
         <value>0x50</value>
      </symbol>
      <symbol id="sm-69">
         <name>__STACK_END</name>
         <value>0x400</value>
      </symbol>
      <symbol id="sm-6a">
         <name>__c_args__</name>
         <value>0xffffffff</value>
      </symbol>
      <symbol id="sm-6b">
         <name>__TI_pprof_out_hndl</name>
         <value>0xffffffff</value>
      </symbol>
      <symbol id="sm-6c">
         <name>__TI_prof_data_start</name>
         <value>0xffffffff</value>
      </symbol>
      <symbol id="sm-6d">
         <name>__TI_prof_data_size</name>
         <value>0xffffffff</value>
      </symbol>
      <symbol id="sm-10b">
         <name>InitSystemClock</name>
         <value>0xcf84</value>
         <object_component_ref idref="oc-194"/>
      </symbol>
      <symbol id="sm-10c">
         <name>__TI_int07</name>
         <value>0xffee</value>
         <object_component_ref idref="oc-45"/>
      </symbol>
      <symbol id="sm-10d">
         <name>UART_Receive_ISR</name>
         <value>0xcb9c</value>
         <object_component_ref idref="oc-e1"/>
      </symbol>
      <symbol id="sm-10e">
         <name>InitUART</name>
         <value>0xcd9e</value>
         <object_component_ref idref="oc-1a6"/>
      </symbol>
      <symbol id="sm-10f">
         <name>main</name>
         <value>0xcd5e</value>
         <object_component_ref idref="oc-15c"/>
      </symbol>
      <symbol id="sm-110">
         <name>UARTSendString</name>
         <value>0xcf6a</value>
         <object_component_ref idref="oc-20d"/>
      </symbol>
      <symbol id="sm-111">
         <name>cmd_judge_execute</name>
         <value>0xc996</value>
         <object_component_ref idref="oc-1ac"/>
      </symbol>
      <symbol id="sm-112">
         <name>receive_cmd</name>
         <value>0x200</value>
         <object_component_ref idref="oc-140"/>
      </symbol>
      <symbol id="sm-113">
         <name>cmd_end_flag</name>
         <value>0x214</value>
         <object_component_ref idref="oc-13d"/>
      </symbol>
      <symbol id="sm-18a">
         <name>IIC_Stop</name>
         <value>0xcf0e</value>
         <object_component_ref idref="oc-2ac"/>
      </symbol>
      <symbol id="sm-18b">
         <name>Write_IIC_Data</name>
         <value>0xce06</value>
         <object_component_ref idref="oc-259"/>
      </symbol>
      <symbol id="sm-18c">
         <name>Write_IIC_Command</name>
         <value>0xce34</value>
         <object_component_ref idref="oc-253"/>
      </symbol>
      <symbol id="sm-18d">
         <name>OLED_WR_Byte</name>
         <value>0xcfb2</value>
         <object_component_ref idref="oc-200"/>
      </symbol>
      <symbol id="sm-18e">
         <name>OLED_Init</name>
         <value>0xc8b2</value>
         <object_component_ref idref="oc-19a"/>
      </symbol>
      <symbol id="sm-18f">
         <name>F8X16</name>
         <value>0xc000</value>
         <object_component_ref idref="oc-2bd"/>
      </symbol>
      <symbol id="sm-190">
         <name>OLED_ShowString</name>
         <value>0xccda</value>
         <object_component_ref idref="oc-213"/>
      </symbol>
      <symbol id="sm-191">
         <name>OLED_ShowChar</name>
         <value>0xca76</value>
         <object_component_ref idref="oc-263"/>
      </symbol>
      <symbol id="sm-192">
         <name>Write_IIC_Byte</name>
         <value>0xcbf8</value>
         <object_component_ref idref="oc-2a0"/>
      </symbol>
      <symbol id="sm-193">
         <name>OLED_Clear</name>
         <value>0xcc96</value>
         <object_component_ref idref="oc-1a0"/>
      </symbol>
      <symbol id="sm-194">
         <name>IIC_Start</name>
         <value>0xcdd4</value>
         <object_component_ref idref="oc-29a"/>
      </symbol>
      <symbol id="sm-195">
         <name>F6x8</name>
         <value>0xc5f0</value>
         <object_component_ref idref="oc-2ba"/>
      </symbol>
      <symbol id="sm-196">
         <name>IIC_Wait_Ack</name>
         <value>0xcf50</value>
         <object_component_ref idref="oc-2a6"/>
      </symbol>
      <symbol id="sm-197">
         <name>OLED_Set_Pos</name>
         <value>0xcee4</value>
         <object_component_ref idref="oc-2b4"/>
      </symbol>
      <symbol id="sm-19f">
         <name>__mspabi_srai</name>
         <value>0xce60</value>
         <object_component_ref idref="oc-2d6"/>
      </symbol>
      <symbol id="sm-1a0">
         <name>__mspabi_srai_8</name>
         <value>0xce7a</value>
         <object_component_ref idref="oc-2d6"/>
      </symbol>
      <symbol id="sm-1a1">
         <name>__mspabi_srai_9</name>
         <value>0xce78</value>
         <object_component_ref idref="oc-2d6"/>
      </symbol>
      <symbol id="sm-1a2">
         <name>__mspabi_srai_6</name>
         <value>0xce7e</value>
         <object_component_ref idref="oc-2d6"/>
      </symbol>
      <symbol id="sm-1a3">
         <name>__mspabi_srai_7</name>
         <value>0xce7c</value>
         <object_component_ref idref="oc-2d6"/>
      </symbol>
      <symbol id="sm-1a4">
         <name>__mspabi_srai_4</name>
         <value>0xce82</value>
         <object_component_ref idref="oc-2d6"/>
      </symbol>
      <symbol id="sm-1a5">
         <name>__mspabi_srai_5</name>
         <value>0xce80</value>
         <object_component_ref idref="oc-2d6"/>
      </symbol>
      <symbol id="sm-1a6">
         <name>__mspabi_srai_2</name>
         <value>0xce86</value>
         <object_component_ref idref="oc-2d6"/>
      </symbol>
      <symbol id="sm-1a7">
         <name>__mspabi_srai_3</name>
         <value>0xce84</value>
         <object_component_ref idref="oc-2d6"/>
      </symbol>
      <symbol id="sm-1a8">
         <name>__mspabi_srai_1</name>
         <value>0xce88</value>
         <object_component_ref idref="oc-2d6"/>
      </symbol>
      <symbol id="sm-1a9">
         <name>__mspabi_srai_15</name>
         <value>0xce6c</value>
         <object_component_ref idref="oc-2d6"/>
      </symbol>
      <symbol id="sm-1aa">
         <name>__mspabi_srai_14</name>
         <value>0xce6e</value>
         <object_component_ref idref="oc-2d6"/>
      </symbol>
      <symbol id="sm-1ab">
         <name>__mspabi_srai_13</name>
         <value>0xce70</value>
         <object_component_ref idref="oc-2d6"/>
      </symbol>
      <symbol id="sm-1ac">
         <name>__mspabi_srai_12</name>
         <value>0xce72</value>
         <object_component_ref idref="oc-2d6"/>
      </symbol>
      <symbol id="sm-1ad">
         <name>__mspabi_srai_11</name>
         <value>0xce74</value>
         <object_component_ref idref="oc-2d6"/>
      </symbol>
      <symbol id="sm-1ae">
         <name>__mspabi_srai_10</name>
         <value>0xce76</value>
         <object_component_ref idref="oc-2d6"/>
      </symbol>
      <symbol id="sm-1ba">
         <name>__mspabi_remi</name>
         <value>0xce8c</value>
         <object_component_ref idref="oc-143"/>
      </symbol>
      <symbol id="sm-1bb">
         <name>__mspabi_divi</name>
         <value>0xce8c</value>
         <object_component_ref idref="oc-143"/>
      </symbol>
      <symbol id="sm-1c5">
         <name>__mspabi_remu</name>
         <value>0xcf9c</value>
         <object_component_ref idref="oc-186"/>
      </symbol>
      <symbol id="sm-1c6">
         <name>__mspabi_divu</name>
         <value>0xcf9c</value>
         <object_component_ref idref="oc-186"/>
      </symbol>
      <symbol id="sm-1cf">
         <name>__mspabi_func_epilog_2</name>
         <value>0xd01c</value>
         <object_component_ref idref="oc-bf"/>
      </symbol>
      <symbol id="sm-1d0">
         <name>__mspabi_func_epilog_3</name>
         <value>0xd01a</value>
         <object_component_ref idref="oc-bf"/>
      </symbol>
      <symbol id="sm-1d1">
         <name>__mspabi_func_epilog_1</name>
         <value>0xd01e</value>
         <object_component_ref idref="oc-bf"/>
      </symbol>
      <symbol id="sm-1d2">
         <name>__mspabi_func_epilog_6</name>
         <value>0xd014</value>
         <object_component_ref idref="oc-bf"/>
      </symbol>
      <symbol id="sm-1d3">
         <name>__mspabi_func_epilog_7</name>
         <value>0xd012</value>
         <object_component_ref idref="oc-bf"/>
      </symbol>
      <symbol id="sm-1d4">
         <name>__mspabi_func_epilog_4</name>
         <value>0xd018</value>
         <object_component_ref idref="oc-bf"/>
      </symbol>
      <symbol id="sm-1d5">
         <name>__mspabi_func_epilog_5</name>
         <value>0xd016</value>
         <object_component_ref idref="oc-bf"/>
      </symbol>
      <symbol id="sm-1d8">
         <name>__TI_int00</name>
         <value>0xffe0</value>
         <object_component_ref idref="oc-40"/>
      </symbol>
      <symbol id="sm-1db">
         <name>__TI_int02</name>
         <value>0xffe4</value>
         <object_component_ref idref="oc-41"/>
      </symbol>
      <symbol id="sm-1de">
         <name>__TI_int03</name>
         <value>0xffe6</value>
         <object_component_ref idref="oc-42"/>
      </symbol>
      <symbol id="sm-1e1">
         <name>__TI_int05</name>
         <value>0xffea</value>
         <object_component_ref idref="oc-43"/>
      </symbol>
      <symbol id="sm-1e4">
         <name>__TI_int06</name>
         <value>0xffec</value>
         <object_component_ref idref="oc-44"/>
      </symbol>
      <symbol id="sm-1e7">
         <name>__TI_int08</name>
         <value>0xfff0</value>
         <object_component_ref idref="oc-46"/>
      </symbol>
      <symbol id="sm-1ea">
         <name>__TI_int09</name>
         <value>0xfff2</value>
         <object_component_ref idref="oc-47"/>
      </symbol>
      <symbol id="sm-1ed">
         <name>__TI_int10</name>
         <value>0xfff4</value>
         <object_component_ref idref="oc-48"/>
      </symbol>
      <symbol id="sm-1f0">
         <name>__TI_int11</name>
         <value>0xfff6</value>
         <object_component_ref idref="oc-49"/>
      </symbol>
      <symbol id="sm-1f3">
         <name>__TI_int12</name>
         <value>0xfff8</value>
         <object_component_ref idref="oc-4a"/>
      </symbol>
      <symbol id="sm-1f6">
         <name>__TI_int13</name>
         <value>0xfffa</value>
         <object_component_ref idref="oc-4b"/>
      </symbol>
      <symbol id="sm-1f9">
         <name>__TI_int14</name>
         <value>0xfffc</value>
         <object_component_ref idref="oc-4c"/>
      </symbol>
      <symbol id="sm-201">
         <name>__TI_ISR_TRAP</name>
         <value>0xd022</value>
         <object_component_ref idref="oc-dc"/>
      </symbol>
      <symbol id="sm-209">
         <name>__mspabi_slli</name>
         <value>0xceb8</value>
         <object_component_ref idref="oc-b5"/>
      </symbol>
      <symbol id="sm-20a">
         <name>__mspabi_slli_9</name>
         <value>0xced0</value>
         <object_component_ref idref="oc-b5"/>
      </symbol>
      <symbol id="sm-20b">
         <name>__mspabi_slli_8</name>
         <value>0xced2</value>
         <object_component_ref idref="oc-b5"/>
      </symbol>
      <symbol id="sm-20c">
         <name>__mspabi_slli_7</name>
         <value>0xced4</value>
         <object_component_ref idref="oc-b5"/>
      </symbol>
      <symbol id="sm-20d">
         <name>__mspabi_slli_6</name>
         <value>0xced6</value>
         <object_component_ref idref="oc-b5"/>
      </symbol>
      <symbol id="sm-20e">
         <name>__mspabi_slli_5</name>
         <value>0xced8</value>
         <object_component_ref idref="oc-b5"/>
      </symbol>
      <symbol id="sm-20f">
         <name>__mspabi_slli_4</name>
         <value>0xceda</value>
         <object_component_ref idref="oc-b5"/>
      </symbol>
      <symbol id="sm-210">
         <name>__mspabi_slli_3</name>
         <value>0xcedc</value>
         <object_component_ref idref="oc-b5"/>
      </symbol>
      <symbol id="sm-211">
         <name>__mspabi_slli_2</name>
         <value>0xcede</value>
         <object_component_ref idref="oc-b5"/>
      </symbol>
      <symbol id="sm-212">
         <name>__mspabi_slli_1</name>
         <value>0xcee0</value>
         <object_component_ref idref="oc-b5"/>
      </symbol>
      <symbol id="sm-213">
         <name>__mspabi_slli_15</name>
         <value>0xcec4</value>
         <object_component_ref idref="oc-b5"/>
      </symbol>
      <symbol id="sm-214">
         <name>__mspabi_slli_14</name>
         <value>0xcec6</value>
         <object_component_ref idref="oc-b5"/>
      </symbol>
      <symbol id="sm-215">
         <name>__mspabi_slli_13</name>
         <value>0xcec8</value>
         <object_component_ref idref="oc-b5"/>
      </symbol>
      <symbol id="sm-216">
         <name>__mspabi_slli_12</name>
         <value>0xceca</value>
         <object_component_ref idref="oc-b5"/>
      </symbol>
      <symbol id="sm-217">
         <name>__mspabi_slli_11</name>
         <value>0xcecc</value>
         <object_component_ref idref="oc-b5"/>
      </symbol>
      <symbol id="sm-218">
         <name>__mspabi_slli_10</name>
         <value>0xcece</value>
         <object_component_ref idref="oc-b5"/>
      </symbol>
      <symbol id="sm-220">
         <name>__mspabi_srli_8</name>
         <value>0xcc74</value>
         <object_component_ref idref="oc-ba"/>
      </symbol>
      <symbol id="sm-221">
         <name>__mspabi_srli_9</name>
         <value>0xcc70</value>
         <object_component_ref idref="oc-ba"/>
      </symbol>
      <symbol id="sm-222">
         <name>__mspabi_srli_6</name>
         <value>0xcc7c</value>
         <object_component_ref idref="oc-ba"/>
      </symbol>
      <symbol id="sm-223">
         <name>__mspabi_srli_7</name>
         <value>0xcc78</value>
         <object_component_ref idref="oc-ba"/>
      </symbol>
      <symbol id="sm-224">
         <name>__mspabi_srli_4</name>
         <value>0xcc84</value>
         <object_component_ref idref="oc-ba"/>
      </symbol>
      <symbol id="sm-225">
         <name>__mspabi_srli_5</name>
         <value>0xcc80</value>
         <object_component_ref idref="oc-ba"/>
      </symbol>
      <symbol id="sm-226">
         <name>__mspabi_srli_2</name>
         <value>0xcc8c</value>
         <object_component_ref idref="oc-ba"/>
      </symbol>
      <symbol id="sm-227">
         <name>__mspabi_srli_3</name>
         <value>0xcc88</value>
         <object_component_ref idref="oc-ba"/>
      </symbol>
      <symbol id="sm-228">
         <name>__mspabi_srli_1</name>
         <value>0xcc90</value>
         <object_component_ref idref="oc-ba"/>
      </symbol>
      <symbol id="sm-229">
         <name>__mspabi_srli</name>
         <value>0xcc4a</value>
         <object_component_ref idref="oc-ba"/>
      </symbol>
      <symbol id="sm-22a">
         <name>__mspabi_srli_15</name>
         <value>0xcc58</value>
         <object_component_ref idref="oc-ba"/>
      </symbol>
      <symbol id="sm-22b">
         <name>__mspabi_srli_14</name>
         <value>0xcc5c</value>
         <object_component_ref idref="oc-ba"/>
      </symbol>
      <symbol id="sm-22c">
         <name>__mspabi_srli_13</name>
         <value>0xcc60</value>
         <object_component_ref idref="oc-ba"/>
      </symbol>
      <symbol id="sm-22d">
         <name>__mspabi_srli_12</name>
         <value>0xcc64</value>
         <object_component_ref idref="oc-ba"/>
      </symbol>
      <symbol id="sm-22e">
         <name>__mspabi_srli_11</name>
         <value>0xcc68</value>
         <object_component_ref idref="oc-ba"/>
      </symbol>
      <symbol id="sm-22f">
         <name>__mspabi_srli_10</name>
         <value>0xcc6c</value>
         <object_component_ref idref="oc-ba"/>
      </symbol>
      <symbol id="sm-239">
         <name>__mspabi_mpyi_sw</name>
         <value>0xcfda</value>
         <object_component_ref idref="oc-28e"/>
      </symbol>
      <symbol id="sm-23a">
         <name>__mspabi_mpyi</name>
         <value>0xcfda</value>
         <object_component_ref idref="oc-28e"/>
      </symbol>
      <symbol id="sm-24a">
         <name>_stack</name>
         <value>0x3b0</value>
         <object_component_ref idref="oc-b1"/>
      </symbol>
      <symbol id="sm-24b">
         <name>_c_int00_noargs</name>
         <value>0xcf34</value>
         <object_component_ref idref="oc-f9"/>
      </symbol>
      <symbol id="sm-24c">
         <name>_reset_vector</name>
         <value>0xfffe</value>
         <object_component_ref idref="oc-b4"/>
      </symbol>
      <symbol id="sm-26e">
         <name>__TI_auto_init_nobinit_nopinit</name>
         <value>0xcd1c</value>
         <object_component_ref idref="oc-1bf"/>
      </symbol>
      <symbol id="sm-27a">
         <name>_system_pre_init</name>
         <value>0xd030</value>
         <object_component_ref idref="oc-156"/>
      </symbol>
      <symbol id="sm-283">
         <name>_system_post_cinit</name>
         <value>0xd034</value>
         <object_component_ref idref="oc-232"/>
      </symbol>
      <symbol id="sm-299">
         <name>__TI_decompress_none</name>
         <value>0xcfee</value>
         <object_component_ref idref="oc-3a"/>
      </symbol>
      <symbol id="sm-2bc">
         <name>__TI_decompress_lzss</name>
         <value>0xcb20</value>
         <object_component_ref idref="oc-34"/>
      </symbol>
      <symbol id="sm-2c6">
         <name>C$$EXIT</name>
         <value>0xd02a</value>
         <object_component_ref idref="oc-1b3"/>
      </symbol>
      <symbol id="sm-2c7">
         <name>abort</name>
         <value>0xd02a</value>
         <object_component_ref idref="oc-1b3"/>
      </symbol>
      <symbol id="sm-2d7">
         <name>memcpy</name>
         <value>0xd000</value>
         <object_component_ref idref="oc-cf"/>
      </symbol>
      <symbol id="sm-2e5">
         <name>memset</name>
         <value>0xcfc6</value>
         <object_component_ref idref="oc-219"/>
      </symbol>
   </symbol_table>
   <title>Link successful</title>
</link_info>
