******************************************************************************
            TI ARM Clang Linker PC v3.2.2                      
******************************************************************************
>> Linked Mon Jun 30 17:10:38 2025

OUTPUT FILE NAME:   <timx_timer_mode_pwm_edge_sleep_LP_MSPM0L1306_nortos_ticlang.out>
ENTRY POINT SYMBOL: "_c_int00_noinit_noargs"  address: 0000024d


MEMORY CONFIGURATION

         name            origin    length      used     unused   attr    fill
----------------------  --------  ---------  --------  --------  ----  --------
  FLASH                 00000000   0000fff8  00000340  0000fcb8  R  X
  SRAM                  20000000   00001000  00000100  00000f00  RW X
  BCR_CONFIG            41c00000   00000080  00000000  00000080  R   
  BSL_CONFIG            41c00100   00000080  00000000  00000080  R   


SEGMENT ALLOCATION MAP

run origin  load origin   length   init length attrs members
----------  ----------- ---------- ----------- ----- -------
00000000    00000000    00000340   00000340    r-x
  00000000    00000000    000000c0   000000c0    r-- .intvecs
  000000c0    000000c0    00000270   00000270    r-x .text
  00000330    00000330    00000010   00000010    r-- .rodata
20000f00    20000f00    00000100   00000000    rw-
  20000f00    20000f00    00000100   00000000    rw- .stack


SECTION ALLOCATION MAP

 output                                  attributes/
section   page    origin      length       input sections
--------  ----  ----------  ----------   ----------------
.intvecs   0    00000000    000000c0     
                  00000000    000000c0     startup_mspm0l130x_ticlang.o (.intvecs)

.text      0    000000c0    00000270     
                  000000c0    000000c4     driverlib.a : dl_timer.o (.text.DL_Timer_initPWMMode)
                  00000184    0000007c     ti_msp_dl_config.o (.text.SYSCFG_DL_PWM_0_init)
                  00000200    0000002c     ti_msp_dl_config.o (.text.SYSCFG_DL_initPower)
                  0000022c    00000020     ti_msp_dl_config.o (.text.SYSCFG_DL_GPIO_init)
                  0000024c    00000020     libc.a : boot_cortex_m.c.obj (.text:_c_int00_noinit_noargs)
                  0000026c    0000001c     driverlib.a : dl_timer.o (.text.DL_Timer_setCaptCompUpdateMethod)
                  00000288    0000001c                 : dl_timer.o (.text.DL_Timer_setClockConfig)
                  000002a4    0000001c     ti_msp_dl_config.o (.text.SYSCFG_DL_SYSCTL_init)
                  000002c0    0000001c     timx_timer_mode_pwm_edge_sleep.o (.text.main)
                  000002dc    00000018     driverlib.a : dl_timer.o (.text.DL_Timer_setCaptureCompareOutCtl)
                  000002f4    00000014     ti_msp_dl_config.o (.text.SYSCFG_DL_init)
                  00000308    00000010     driverlib.a : dl_timer.o (.text.DL_Timer_setCaptureCompareValue)
                  00000318    0000000a                 : dl_common.o (.text.DL_Common_delayCycles)
                  00000322    00000004     startup_mspm0l130x_ticlang.o (.text.Reset_Handler)
                  00000326    00000004     libc.a : pre_init.c.obj (.text._system_pre_init)
                  0000032a    00000004            : exit.c.obj (.text:abort)
                  0000032e    00000002     startup_mspm0l130x_ticlang.o (.text.Default_Handler)

.cinit     0    00000000    00000000     

.rodata    0    00000330    00000010     
                  00000330    00000008     ti_msp_dl_config.o (.rodata.gPWM_0Config)
                  00000338    00000003     ti_msp_dl_config.o (.rodata.gPWM_0ClockConfig)
                  0000033b    00000005     --HOLE-- [fill = 0]

.init_array 
*          0    00000000    00000000     UNINITIALIZED

.binit     0    00000000    00000000     

.stack     0    20000f00    00000100     UNINITIALIZED
                  20000f00    00000004     libc.a : boot_cortex_m.c.obj (.stack)
                  20000f04    000000fc     --HOLE--

__llvm_prf_cnts 
*          0    20000000    00000000     UNINITIALIZED

__llvm_prf_bits 
*          0    20000000    00000000     UNINITIALIZED

MODULE SUMMARY

       Module                             code   ro data   rw data
       ------                             ----   -------   -------
    .\
       ti_msp_dl_config.o                 248    11        0      
       startup_mspm0l130x_ticlang.o       6      192       0      
       timx_timer_mode_pwm_edge_sleep.o   28     0         0      
    +--+----------------------------------+------+---------+---------+
       Total:                             282    203       0      
                                                                  
    D:/ti/mspm0_sdk_1_30_00_03/source/ti/driverlib/lib/ticlang/m0p/mspm0l11xx_l13xx/driverlib.a
       dl_timer.o                         292    0         0      
       dl_common.o                        10     0         0      
    +--+----------------------------------+------+---------+---------+
       Total:                             302    0         0      
                                                                  
    D:\ccstheia141\ccs\tools\compiler\ti-cgt-armllvm_3.2.2.LTS\lib\armv6m-ti-none-eabi/c/libc.a
       boot_cortex_m.c.obj                32     0         0      
       exit.c.obj                         4      0         0      
       pre_init.c.obj                     4      0         0      
    +--+----------------------------------+------+---------+---------+
       Total:                             40     0         0      
                                                                  
       Stack:                             0      0         256    
    +--+----------------------------------+------+---------+---------+
       Grand Total:                       624    203       256    


GLOBAL SYMBOLS: SORTED ALPHABETICALLY BY Name 

address   name                            
-------   ----                            
0000032f  ADC0_IRQHandler                 
0000032a  C$$EXIT                         
00000319  DL_Common_delayCycles           
000000c1  DL_Timer_initPWMMode            
0000026d  DL_Timer_setCaptCompUpdateMethod
000002dd  DL_Timer_setCaptureCompareOutCtl
00000309  DL_Timer_setCaptureCompareValue 
00000289  DL_Timer_setClockConfig         
0000032f  DMA_IRQHandler                  
0000032f  Default_Handler                 
0000032f  GROUP0_IRQHandler               
0000032f  GROUP1_IRQHandler               
0000032f  HardFault_Handler               
0000032f  I2C0_IRQHandler                 
0000032f  I2C1_IRQHandler                 
0000032f  NMI_Handler                     
0000032f  PendSV_Handler                  
00000323  Reset_Handler                   
0000032f  SPI0_IRQHandler                 
0000032f  SVC_Handler                     
0000022d  SYSCFG_DL_GPIO_init             
00000185  SYSCFG_DL_PWM_0_init            
000002a5  SYSCFG_DL_SYSCTL_init           
000002f5  SYSCFG_DL_init                  
00000201  SYSCFG_DL_initPower             
0000032f  SysTick_Handler                 
0000032f  TIMG0_IRQHandler                
0000032f  TIMG1_IRQHandler                
0000032f  TIMG2_IRQHandler                
0000032f  TIMG4_IRQHandler                
0000032f  UART0_IRQHandler                
0000032f  UART1_IRQHandler                
20001000  __STACK_END                     
00000100  __STACK_SIZE                    
00000000  __TI_ATRegion0_region_sz        
00000000  __TI_ATRegion0_src_addr         
00000000  __TI_ATRegion0_trg_addr         
00000000  __TI_ATRegion1_region_sz        
00000000  __TI_ATRegion1_src_addr         
00000000  __TI_ATRegion1_trg_addr         
00000000  __TI_ATRegion2_region_sz        
00000000  __TI_ATRegion2_src_addr         
00000000  __TI_ATRegion2_trg_addr         
00000000  __TI_CINIT_Base                 
00000000  __TI_CINIT_Limit                
00000000  __TI_CINIT_Warm                 
ffffffff  __TI_pprof_out_hndl             
ffffffff  __TI_prof_data_size             
ffffffff  __TI_prof_data_start            
00000000  __TI_static_base__              
ffffffff  __binit__                       
UNDEFED   __mpu_init                      
20000f00  __stack                         
20000000  __start___llvm_prf_bits         
20000000  __start___llvm_prf_cnts         
20000000  __stop___llvm_prf_bits          
20000000  __stop___llvm_prf_cnts          
0000024d  _c_int00_noinit_noargs          
00000327  _system_pre_init                
0000032b  abort                           
ffffffff  binit                           
00000000  interruptVectors                
000002c1  main                            


GLOBAL SYMBOLS: SORTED BY Symbol Address 

address   name                            
-------   ----                            
00000000  __TI_ATRegion0_region_sz        
00000000  __TI_ATRegion0_src_addr         
00000000  __TI_ATRegion0_trg_addr         
00000000  __TI_ATRegion1_region_sz        
00000000  __TI_ATRegion1_src_addr         
00000000  __TI_ATRegion1_trg_addr         
00000000  __TI_ATRegion2_region_sz        
00000000  __TI_ATRegion2_src_addr         
00000000  __TI_ATRegion2_trg_addr         
00000000  __TI_CINIT_Base                 
00000000  __TI_CINIT_Limit                
00000000  __TI_CINIT_Warm                 
00000000  __TI_static_base__              
00000000  interruptVectors                
000000c1  DL_Timer_initPWMMode            
00000100  __STACK_SIZE                    
00000185  SYSCFG_DL_PWM_0_init            
00000201  SYSCFG_DL_initPower             
0000022d  SYSCFG_DL_GPIO_init             
0000024d  _c_int00_noinit_noargs          
0000026d  DL_Timer_setCaptCompUpdateMethod
00000289  DL_Timer_setClockConfig         
000002a5  SYSCFG_DL_SYSCTL_init           
000002c1  main                            
000002dd  DL_Timer_setCaptureCompareOutCtl
000002f5  SYSCFG_DL_init                  
00000309  DL_Timer_setCaptureCompareValue 
00000319  DL_Common_delayCycles           
00000323  Reset_Handler                   
00000327  _system_pre_init                
0000032a  C$$EXIT                         
0000032b  abort                           
0000032f  ADC0_IRQHandler                 
0000032f  DMA_IRQHandler                  
0000032f  Default_Handler                 
0000032f  GROUP0_IRQHandler               
0000032f  GROUP1_IRQHandler               
0000032f  HardFault_Handler               
0000032f  I2C0_IRQHandler                 
0000032f  I2C1_IRQHandler                 
0000032f  NMI_Handler                     
0000032f  PendSV_Handler                  
0000032f  SPI0_IRQHandler                 
0000032f  SVC_Handler                     
0000032f  SysTick_Handler                 
0000032f  TIMG0_IRQHandler                
0000032f  TIMG1_IRQHandler                
0000032f  TIMG2_IRQHandler                
0000032f  TIMG4_IRQHandler                
0000032f  UART0_IRQHandler                
0000032f  UART1_IRQHandler                
20000000  __start___llvm_prf_bits         
20000000  __start___llvm_prf_cnts         
20000000  __stop___llvm_prf_bits          
20000000  __stop___llvm_prf_cnts          
20000f00  __stack                         
20001000  __STACK_END                     
ffffffff  __TI_pprof_out_hndl             
ffffffff  __TI_prof_data_size             
ffffffff  __TI_prof_data_start            
ffffffff  __binit__                       
ffffffff  binit                           
UNDEFED   __mpu_init                      

[63 symbols]
