******************************************************************************
            TI ARM Clang Linker PC v3.2.2                      
******************************************************************************
>> Linked Tue Jul  1 14:47:28 2025

OUTPUT FILE NAME:   <adc12_single_conversion_LP_MSPM0L1306_nortos_ticlang.out>
ENTRY POINT SYMBOL: "_c_int00_noargs"  address: 00000231


MEMORY CONFIGURATION

         name            origin    length      used     unused   attr    fill
----------------------  --------  ---------  --------  --------  ----  --------
  FLASH                 00000000   0000fff8  00000310  0000fce8  R  X
  SRAM                  20000000   00001000  00000103  00000efd  RW X
  BCR_CONFIG            41c00000   00000080  00000000  00000080  R   
  BSL_CONFIG            41c00100   00000080  00000000  00000080  R   


SEGMENT ALLOCATION MAP

run origin  load origin   length   init length attrs members
----------  ----------- ---------- ----------- ----- -------
00000000    00000000    00000310   00000310    r-x
  00000000    00000000    000000c0   000000c0    r-- .intvecs
  000000c0    000000c0    00000230   00000230    r-x .text
  000002f0    000002f0    00000008   00000008    r-- .rodata
  000002f8    000002f8    00000018   00000018    r-- .cinit
20000000    20000000    00000003   00000000    rw-
  20000000    20000000    00000003   00000000    rw- .bss
20000f00    20000f00    00000100   00000000    rw-
  20000f00    20000f00    00000100   00000000    rw- .stack


SECTION ALLOCATION MAP

 output                                  attributes/
section   page    origin      length       input sections
--------  ----  ----------  ----------   ----------------
.intvecs   0    00000000    000000c0     
                  00000000    000000c0     startup_mspm0l130x_ticlang.o (.intvecs)

.text      0    000000c0    00000230     
                  000000c0    00000078     adc12_single_conversion.o (.text.main)
                  00000138    00000050     ti_msp_dl_config.o (.text.SYSCFG_DL_ADC12_0_init)
                  00000188    00000040     driverlib.a : dl_adc12.o (.text.DL_ADC12_setClockConfig)
                  000001c8    0000003c     libc.a : autoinit.c.obj (.text:__TI_auto_init_nobinit_nopinit)
                  00000204    0000002c     ti_msp_dl_config.o (.text.SYSCFG_DL_initPower)
                  00000230    00000028     libc.a : boot_cortex_m.c.obj (.text:_c_int00_noargs)
                  00000258    0000001c     adc12_single_conversion.o (.text.ADC0_IRQHandler)
                  00000274    0000001c     ti_msp_dl_config.o (.text.SYSCFG_DL_GPIO_init)
                  00000290    0000001c     ti_msp_dl_config.o (.text.SYSCFG_DL_SYSCTL_init)
                  000002ac    00000016     libc.a : copy_zero_init.c.obj (.text:decompress:ZI:__TI_zero_init_nomemset)
                  000002c2    00000014     ti_msp_dl_config.o (.text.SYSCFG_DL_init)
                  000002d6    0000000a     driverlib.a : dl_common.o (.text.DL_Common_delayCycles)
                  000002e0    00000004     startup_mspm0l130x_ticlang.o (.text.Reset_Handler)
                  000002e4    00000004     libc.a : pre_init.c.obj (.text._system_pre_init)
                  000002e8    00000004            : exit.c.obj (.text:abort)
                  000002ec    00000002     startup_mspm0l130x_ticlang.o (.text.Default_Handler)
                  000002ee    00000002     --HOLE-- [fill = 0]

.cinit     0    000002f8    00000018     
                  000002f8    00000008     (.cinit..bss.load) [load image, compression = zero_init]
                  00000300    00000004     (__TI_handler_table)
                  00000304    00000008     (__TI_cinit_table)
                  0000030c    00000004     --HOLE-- [fill = 0]

.rodata    0    000002f0    00000008     
                  000002f0    00000008     ti_msp_dl_config.o (.rodata.gADC12_0ClockConfig)

.init_array 
*          0    00000000    00000000     UNINITIALIZED

.binit     0    00000000    00000000     

.bss       0    20000000    00000003     UNINITIALIZED
                  20000000    00000002     (.common:gAdcResult)
                  20000002    00000001     (.common:gCheckADC)

.stack     0    20000f00    00000100     UNINITIALIZED
                  20000f00    00000004     libc.a : boot_cortex_m.c.obj (.stack)
                  20000f04    000000fc     --HOLE--

__llvm_prf_cnts 
*          0    20000000    00000000     UNINITIALIZED

__llvm_prf_bits 
*          0    20000000    00000000     UNINITIALIZED

MODULE SUMMARY

       Module                         code   ro data   rw data
       ------                         ----   -------   -------
    .\
       ti_msp_dl_config.o             200    8         0      
       startup_mspm0l130x_ticlang.o   6      192       0      
       adc12_single_conversion.o      148    0         3      
    +--+------------------------------+------+---------+---------+
       Total:                         354    200       3      
                                                              
    D:/ti/mspm0_sdk_1_30_00_03/source/ti/driverlib/lib/ticlang/m0p/mspm0l11xx_l13xx/driverlib.a
       dl_adc12.o                     64     0         0      
       dl_common.o                    10     0         0      
    +--+------------------------------+------+---------+---------+
       Total:                         74     0         0      
                                                              
    D:\ccstheia141\ccs\tools\compiler\ti-cgt-armllvm_3.2.2.LTS\lib\armv6m-ti-none-eabi/c/libc.a
       autoinit.c.obj                 60     0         0      
       boot_cortex_m.c.obj            40     0         0      
       copy_zero_init.c.obj           22     0         0      
       exit.c.obj                     4      0         0      
       pre_init.c.obj                 4      0         0      
    +--+------------------------------+------+---------+---------+
       Total:                         130    0         0      
                                                              
       Stack:                         0      0         256    
       Linker Generated:              0      20        0      
    +--+------------------------------+------+---------+---------+
       Grand Total:                   558    220       259    


LINKER GENERATED COPY TABLES

__TI_cinit_table @ 00000304 records: 1, size/record: 8, table size: 8
	.bss: load addr=000002f8, load size=00000008 bytes, run addr=20000000, run size=00000003 bytes, compression=zero_init


LINKER GENERATED HANDLER TABLE

__TI_handler_table @ 00000300 records: 1, size/record: 4, table size: 4
	index: 0, handler: __TI_zero_init


GLOBAL SYMBOLS: SORTED ALPHABETICALLY BY Name 

address   name                          
-------   ----                          
00000259  ADC0_IRQHandler               
000002e8  C$$EXIT                       
00000189  DL_ADC12_setClockConfig       
000002d7  DL_Common_delayCycles         
000002ed  DMA_IRQHandler                
000002ed  Default_Handler               
000002ed  GROUP0_IRQHandler             
000002ed  GROUP1_IRQHandler             
000002ed  HardFault_Handler             
000002ed  I2C0_IRQHandler               
000002ed  I2C1_IRQHandler               
000002ed  NMI_Handler                   
000002ed  PendSV_Handler                
000002e1  Reset_Handler                 
000002ed  SPI0_IRQHandler               
000002ed  SVC_Handler                   
00000139  SYSCFG_DL_ADC12_0_init        
00000275  SYSCFG_DL_GPIO_init           
00000291  SYSCFG_DL_SYSCTL_init         
000002c3  SYSCFG_DL_init                
00000205  SYSCFG_DL_initPower           
000002ed  SysTick_Handler               
000002ed  TIMG0_IRQHandler              
000002ed  TIMG1_IRQHandler              
000002ed  TIMG2_IRQHandler              
000002ed  TIMG4_IRQHandler              
000002ed  UART0_IRQHandler              
000002ed  UART1_IRQHandler              
20001000  __STACK_END                   
00000100  __STACK_SIZE                  
00000000  __TI_ATRegion0_region_sz      
00000000  __TI_ATRegion0_src_addr       
00000000  __TI_ATRegion0_trg_addr       
00000000  __TI_ATRegion1_region_sz      
00000000  __TI_ATRegion1_src_addr       
00000000  __TI_ATRegion1_trg_addr       
00000000  __TI_ATRegion2_region_sz      
00000000  __TI_ATRegion2_src_addr       
00000000  __TI_ATRegion2_trg_addr       
00000304  __TI_CINIT_Base               
0000030c  __TI_CINIT_Limit              
0000030c  __TI_CINIT_Warm               
00000300  __TI_Handler_Table_Base       
00000304  __TI_Handler_Table_Limit      
000001c9  __TI_auto_init_nobinit_nopinit
ffffffff  __TI_pprof_out_hndl           
ffffffff  __TI_prof_data_size           
ffffffff  __TI_prof_data_start          
00000000  __TI_static_base__            
000002ad  __TI_zero_init_nomemset       
ffffffff  __binit__                     
UNDEFED   __mpu_init                    
20000f00  __stack                       
20000000  __start___llvm_prf_bits       
20000000  __start___llvm_prf_cnts       
20000000  __stop___llvm_prf_bits        
20000000  __stop___llvm_prf_cnts        
00000231  _c_int00_noargs               
UNDEFED   _system_post_cinit            
000002e5  _system_pre_init              
000002e9  abort                         
ffffffff  binit                         
20000000  gAdcResult                    
20000002  gCheckADC                     
00000000  interruptVectors              
000000c1  main                          


GLOBAL SYMBOLS: SORTED BY Symbol Address 

address   name                          
-------   ----                          
00000000  __TI_ATRegion0_region_sz      
00000000  __TI_ATRegion0_src_addr       
00000000  __TI_ATRegion0_trg_addr       
00000000  __TI_ATRegion1_region_sz      
00000000  __TI_ATRegion1_src_addr       
00000000  __TI_ATRegion1_trg_addr       
00000000  __TI_ATRegion2_region_sz      
00000000  __TI_ATRegion2_src_addr       
00000000  __TI_ATRegion2_trg_addr       
00000000  __TI_static_base__            
00000000  interruptVectors              
000000c1  main                          
00000100  __STACK_SIZE                  
00000139  SYSCFG_DL_ADC12_0_init        
00000189  DL_ADC12_setClockConfig       
000001c9  __TI_auto_init_nobinit_nopinit
00000205  SYSCFG_DL_initPower           
00000231  _c_int00_noargs               
00000259  ADC0_IRQHandler               
00000275  SYSCFG_DL_GPIO_init           
00000291  SYSCFG_DL_SYSCTL_init         
000002ad  __TI_zero_init_nomemset       
000002c3  SYSCFG_DL_init                
000002d7  DL_Common_delayCycles         
000002e1  Reset_Handler                 
000002e5  _system_pre_init              
000002e8  C$$EXIT                       
000002e9  abort                         
000002ed  DMA_IRQHandler                
000002ed  Default_Handler               
000002ed  GROUP0_IRQHandler             
000002ed  GROUP1_IRQHandler             
000002ed  HardFault_Handler             
000002ed  I2C0_IRQHandler               
000002ed  I2C1_IRQHandler               
000002ed  NMI_Handler                   
000002ed  PendSV_Handler                
000002ed  SPI0_IRQHandler               
000002ed  SVC_Handler                   
000002ed  SysTick_Handler               
000002ed  TIMG0_IRQHandler              
000002ed  TIMG1_IRQHandler              
000002ed  TIMG2_IRQHandler              
000002ed  TIMG4_IRQHandler              
000002ed  UART0_IRQHandler              
000002ed  UART1_IRQHandler              
00000300  __TI_Handler_Table_Base       
00000304  __TI_CINIT_Base               
00000304  __TI_Handler_Table_Limit      
0000030c  __TI_CINIT_Limit              
0000030c  __TI_CINIT_Warm               
20000000  __start___llvm_prf_bits       
20000000  __start___llvm_prf_cnts       
20000000  __stop___llvm_prf_bits        
20000000  __stop___llvm_prf_cnts        
20000000  gAdcResult                    
20000002  gCheckADC                     
20000f00  __stack                       
20001000  __STACK_END                   
ffffffff  __TI_pprof_out_hndl           
ffffffff  __TI_prof_data_size           
ffffffff  __TI_prof_data_start          
ffffffff  __binit__                     
ffffffff  binit                         
UNDEFED   __mpu_init                    
UNDEFED   _system_post_cinit            

[66 symbols]
