******************************************************************************
            TI ARM Clang Linker PC v3.2.2                      
******************************************************************************
>> Linked Mon Jun 30 16:52:47 2025

OUTPUT FILE NAME:   <timx_timer_mode_periodic_sleep_LP_MSPM0L1306_nortos_ticlang.out>
ENTRY POINT SYMBOL: "_c_int00_noinit_noargs"  address: 00000281


MEMORY CONFIGURATION

         name            origin    length      used     unused   attr    fill
----------------------  --------  ---------  --------  --------  ----  --------
  FLASH                 00000000   0000fff8  00000320  0000fcd8  R  X
  SRAM                  20000000   00001000  00000100  00000f00  RW X
  BCR_CONFIG            41c00000   00000080  00000000  00000080  R   
  BSL_CONFIG            41c00100   00000080  00000000  00000080  R   


SEGMENT ALLOCATION MAP

run origin  load origin   length   init length attrs members
----------  ----------- ---------- ----------- ----- -------
00000000    00000000    00000320   00000320    r-x
  00000000    00000000    000000c0   000000c0    r-- .intvecs
  000000c0    000000c0    00000248   00000248    r-x .text
  00000308    00000308    00000018   00000018    r-- .rodata
20000f00    20000f00    00000100   00000000    rw-
  20000f00    20000f00    00000100   00000000    rw- .stack


SECTION ALLOCATION MAP

 output                                  attributes/
section   page    origin      length       input sections
--------  ----  ----------  ----------   ----------------
.intvecs   0    00000000    000000c0     
                  00000000    000000c0     startup_mspm0l130x_ticlang.o (.intvecs)

.text      0    000000c0    00000248     
                  000000c0    000000e8     driverlib.a : dl_timer.o (.text.DL_Timer_initTimerMode)
                  000001a8    00000038     ti_msp_dl_config.o (.text.SYSCFG_DL_TIMER_0_init)
                  000001e0    00000034     timx_timer_mode_periodic_sleep.o (.text.main)
                  00000214    0000002c     ti_msp_dl_config.o (.text.SYSCFG_DL_initPower)
                  00000240    00000020     ti_msp_dl_config.o (.text.SYSCFG_DL_GPIO_init)
                  00000260    00000020     timx_timer_mode_periodic_sleep.o (.text.TIMG0_IRQHandler)
                  00000280    00000020     libc.a : boot_cortex_m.c.obj (.text:_c_int00_noinit_noargs)
                  000002a0    0000001c     driverlib.a : dl_timer.o (.text.DL_Timer_setClockConfig)
                  000002bc    0000001c     ti_msp_dl_config.o (.text.SYSCFG_DL_SYSCTL_init)
                  000002d8    00000014     ti_msp_dl_config.o (.text.SYSCFG_DL_init)
                  000002ec    0000000a     driverlib.a : dl_common.o (.text.DL_Common_delayCycles)
                  000002f6    00000004     startup_mspm0l130x_ticlang.o (.text.Reset_Handler)
                  000002fa    00000004     libc.a : pre_init.c.obj (.text._system_pre_init)
                  000002fe    00000004            : exit.c.obj (.text:abort)
                  00000302    00000002     startup_mspm0l130x_ticlang.o (.text.Default_Handler)
                  00000304    00000004     --HOLE-- [fill = 0]

.cinit     0    00000000    00000000     

.rodata    0    00000308    00000018     
                  00000308    00000014     ti_msp_dl_config.o (.rodata.gTIMER_0TimerConfig)
                  0000031c    00000003     ti_msp_dl_config.o (.rodata.gTIMER_0ClockConfig)
                  0000031f    00000001     --HOLE-- [fill = 0]

.init_array 
*          0    00000000    00000000     UNINITIALIZED

.binit     0    00000000    00000000     

.stack     0    20000f00    00000100     UNINITIALIZED
                  20000f00    00000004     libc.a : boot_cortex_m.c.obj (.stack)
                  20000f04    000000fc     --HOLE--

__llvm_prf_cnts 
*          0    20000000    00000000     UNINITIALIZED

__llvm_prf_bits 
*          0    20000000    00000000     UNINITIALIZED

MODULE SUMMARY

       Module                             code   ro data   rw data
       ------                             ----   -------   -------
    .\
       ti_msp_dl_config.o                 180    23        0      
       startup_mspm0l130x_ticlang.o       6      192       0      
       timx_timer_mode_periodic_sleep.o   84     0         0      
    +--+----------------------------------+------+---------+---------+
       Total:                             270    215       0      
                                                                  
    D:/ti/mspm0_sdk_1_30_00_03/source/ti/driverlib/lib/ticlang/m0p/mspm0l11xx_l13xx/driverlib.a
       dl_timer.o                         260    0         0      
       dl_common.o                        10     0         0      
    +--+----------------------------------+------+---------+---------+
       Total:                             270    0         0      
                                                                  
    D:\ccstheia141\ccs\tools\compiler\ti-cgt-armllvm_3.2.2.LTS\lib\armv6m-ti-none-eabi/c/libc.a
       boot_cortex_m.c.obj                32     0         0      
       exit.c.obj                         4      0         0      
       pre_init.c.obj                     4      0         0      
    +--+----------------------------------+------+---------+---------+
       Total:                             40     0         0      
                                                                  
       Stack:                             0      0         256    
    +--+----------------------------------+------+---------+---------+
       Grand Total:                       580    215       256    


GLOBAL SYMBOLS: SORTED ALPHABETICALLY BY Name 

address   name                    
-------   ----                    
00000303  ADC0_IRQHandler         
000002fe  C$$EXIT                 
000002ed  DL_Common_delayCycles   
000000c1  DL_Timer_initTimerMode  
000002a1  DL_Timer_setClockConfig 
00000303  DMA_IRQHandler          
00000303  Default_Handler         
00000303  GROUP0_IRQHandler       
00000303  GROUP1_IRQHandler       
00000303  HardFault_Handler       
00000303  I2C0_IRQHandler         
00000303  I2C1_IRQHandler         
00000303  NMI_Handler             
00000303  PendSV_Handler          
000002f7  Reset_Handler           
00000303  SPI0_IRQHandler         
00000303  SVC_Handler             
00000241  SYSCFG_DL_GPIO_init     
000002bd  SYSCFG_DL_SYSCTL_init   
000001a9  SYSCFG_DL_TIMER_0_init  
000002d9  SYSCFG_DL_init          
00000215  SYSCFG_DL_initPower     
00000303  SysTick_Handler         
00000261  TIMG0_IRQHandler        
00000303  TIMG1_IRQHandler        
00000303  TIMG2_IRQHandler        
00000303  TIMG4_IRQHandler        
00000303  UART0_IRQHandler        
00000303  UART1_IRQHandler        
20001000  __STACK_END             
00000100  __STACK_SIZE            
00000000  __TI_ATRegion0_region_sz
00000000  __TI_ATRegion0_src_addr 
00000000  __TI_ATRegion0_trg_addr 
00000000  __TI_ATRegion1_region_sz
00000000  __TI_ATRegion1_src_addr 
00000000  __TI_ATRegion1_trg_addr 
00000000  __TI_ATRegion2_region_sz
00000000  __TI_ATRegion2_src_addr 
00000000  __TI_ATRegion2_trg_addr 
00000000  __TI_CINIT_Base         
00000000  __TI_CINIT_Limit        
00000000  __TI_CINIT_Warm         
ffffffff  __TI_pprof_out_hndl     
ffffffff  __TI_prof_data_size     
ffffffff  __TI_prof_data_start    
00000000  __TI_static_base__      
ffffffff  __binit__               
UNDEFED   __mpu_init              
20000f00  __stack                 
20000000  __start___llvm_prf_bits 
20000000  __start___llvm_prf_cnts 
20000000  __stop___llvm_prf_bits  
20000000  __stop___llvm_prf_cnts  
00000281  _c_int00_noinit_noargs  
000002fb  _system_pre_init        
000002ff  abort                   
ffffffff  binit                   
00000000  interruptVectors        
000001e1  main                    


GLOBAL SYMBOLS: SORTED BY Symbol Address 

address   name                    
-------   ----                    
00000000  __TI_ATRegion0_region_sz
00000000  __TI_ATRegion0_src_addr 
00000000  __TI_ATRegion0_trg_addr 
00000000  __TI_ATRegion1_region_sz
00000000  __TI_ATRegion1_src_addr 
00000000  __TI_ATRegion1_trg_addr 
00000000  __TI_ATRegion2_region_sz
00000000  __TI_ATRegion2_src_addr 
00000000  __TI_ATRegion2_trg_addr 
00000000  __TI_CINIT_Base         
00000000  __TI_CINIT_Limit        
00000000  __TI_CINIT_Warm         
00000000  __TI_static_base__      
00000000  interruptVectors        
000000c1  DL_Timer_initTimerMode  
00000100  __STACK_SIZE            
000001a9  SYSCFG_DL_TIMER_0_init  
000001e1  main                    
00000215  SYSCFG_DL_initPower     
00000241  SYSCFG_DL_GPIO_init     
00000261  TIMG0_IRQHandler        
00000281  _c_int00_noinit_noargs  
000002a1  DL_Timer_setClockConfig 
000002bd  SYSCFG_DL_SYSCTL_init   
000002d9  SYSCFG_DL_init          
000002ed  DL_Common_delayCycles   
000002f7  Reset_Handler           
000002fb  _system_pre_init        
000002fe  C$$EXIT                 
000002ff  abort                   
00000303  ADC0_IRQHandler         
00000303  DMA_IRQHandler          
00000303  Default_Handler         
00000303  GROUP0_IRQHandler       
00000303  GROUP1_IRQHandler       
00000303  HardFault_Handler       
00000303  I2C0_IRQHandler         
00000303  I2C1_IRQHandler         
00000303  NMI_Handler             
00000303  PendSV_Handler          
00000303  SPI0_IRQHandler         
00000303  SVC_Handler             
00000303  SysTick_Handler         
00000303  TIMG1_IRQHandler        
00000303  TIMG2_IRQHandler        
00000303  TIMG4_IRQHandler        
00000303  UART0_IRQHandler        
00000303  UART1_IRQHandler        
20000000  __start___llvm_prf_bits 
20000000  __start___llvm_prf_cnts 
20000000  __stop___llvm_prf_bits  
20000000  __stop___llvm_prf_cnts  
20000f00  __stack                 
20001000  __STACK_END             
ffffffff  __TI_pprof_out_hndl     
ffffffff  __TI_prof_data_size     
ffffffff  __TI_prof_data_start    
ffffffff  __binit__               
ffffffff  binit                   
UNDEFED   __mpu_init              

[60 symbols]
