******************************************************************************
            TI ARM Clang Linker PC v3.2.2                      
******************************************************************************
>> Linked Tue Jul  1 15:08:34 2025

OUTPUT FILE NAME:   <AD_DA.out>
ENTRY POINT SYMBOL: "_c_int00_noargs"  address: 0000020d


MEMORY CONFIGURATION

         name            origin    length      used     unused   attr    fill
----------------------  --------  ---------  --------  --------  ----  --------
  FLASH                 00000000   0000fff8  000002d8  0000fd20  R  X
  SRAM                  20000000   00001000  00000103  00000efd  RW X
  BCR_CONFIG            41c00000   00000080  00000000  00000080  R   
  BSL_CONFIG            41c00100   00000080  00000000  00000080  R   


SEGMENT ALLOCATION MAP

run origin  load origin   length   init length attrs members
----------  ----------- ---------- ----------- ----- -------
00000000    00000000    000002d8   000002d8    r-x
  00000000    00000000    000000c0   000000c0    r-- .intvecs
  000000c0    000000c0    000001f8   000001f8    r-x .text
  000002b8    000002b8    00000008   00000008    r-- .rodata
  000002c0    000002c0    00000018   00000018    r-- .cinit
20000000    20000000    00000003   00000000    rw-
  20000000    20000000    00000003   00000000    rw- .bss
20000f00    20000f00    00000100   00000000    rw-
  20000f00    20000f00    00000100   00000000    rw- .stack


SECTION ALLOCATION MAP

 output                                  attributes/
section   page    origin      length       input sections
--------  ----  ----------  ----------   ----------------
.intvecs   0    00000000    000000c0     
                  00000000    000000c0     startup_mspm0l130x_ticlang.o (.intvecs)

.text      0    000000c0    000001f8     
                  000000c0    00000054     AD_DA.o (.text.main)
                  00000114    00000050     ti_msp_dl_config.o (.text.SYSCFG_DL_ADC12_0_init)
                  00000164    00000040     driverlib.a : dl_adc12.o (.text.DL_ADC12_setClockConfig)
                  000001a4    0000003c     libc.a : autoinit.c.obj (.text:__TI_auto_init_nobinit_nopinit)
                  000001e0    0000002c     ti_msp_dl_config.o (.text.SYSCFG_DL_initPower)
                  0000020c    00000028     libc.a : boot_cortex_m.c.obj (.text:_c_int00_noargs)
                  00000234    00000024     ti_msp_dl_config.o (.text.SYSCFG_DL_SYSCTL_init)
                  00000258    0000001c     AD_DA.o (.text.ADC0_IRQHandler)
                  00000274    00000016     libc.a : copy_zero_init.c.obj (.text:decompress:ZI:__TI_zero_init_nomemset)
                  0000028a    00000014     ti_msp_dl_config.o (.text.SYSCFG_DL_init)
                  0000029e    0000000a     driverlib.a : dl_common.o (.text.DL_Common_delayCycles)
                  000002a8    00000004     startup_mspm0l130x_ticlang.o (.text.Reset_Handler)
                  000002ac    00000004     libc.a : pre_init.c.obj (.text._system_pre_init)
                  000002b0    00000004            : exit.c.obj (.text:abort)
                  000002b4    00000002     startup_mspm0l130x_ticlang.o (.text.Default_Handler)
                  000002b6    00000002     ti_msp_dl_config.o (.text.SYSCFG_DL_GPIO_init)

.cinit     0    000002c0    00000018     
                  000002c0    00000008     (.cinit..bss.load) [load image, compression = zero_init]
                  000002c8    00000004     (__TI_handler_table)
                  000002cc    00000008     (__TI_cinit_table)
                  000002d4    00000004     --HOLE-- [fill = 0]

.rodata    0    000002b8    00000008     
                  000002b8    00000008     ti_msp_dl_config.o (.rodata.gADC12_0ClockConfig)

.init_array 
*          0    00000000    00000000     UNINITIALIZED

.binit     0    00000000    00000000     

.bss       0    20000000    00000003     UNINITIALIZED
                  20000000    00000002     (.common:ADC_val)
                  20000002    00000001     (.common:ADC_flag)

.stack     0    20000f00    00000100     UNINITIALIZED
                  20000f00    00000004     libc.a : boot_cortex_m.c.obj (.stack)
                  20000f04    000000fc     --HOLE--

__llvm_prf_cnts 
*          0    20000000    00000000     UNINITIALIZED

__llvm_prf_bits 
*          0    20000000    00000000     UNINITIALIZED

MODULE SUMMARY

       Module                         code   ro data   rw data
       ------                         ----   -------   -------
    .\
       startup_mspm0l130x_ticlang.o   6      192       0      
       ti_msp_dl_config.o             182    8         0      
       AD_DA.o                        112    0         3      
    +--+------------------------------+------+---------+---------+
       Total:                         300    200       3      
                                                              
    D:/ti/mspm0_sdk_1_30_00_03/source/ti/driverlib/lib/ticlang/m0p/mspm0l11xx_l13xx/driverlib.a
       dl_adc12.o                     64     0         0      
       dl_common.o                    10     0         0      
    +--+------------------------------+------+---------+---------+
       Total:                         74     0         0      
                                                              
    D:\ccstheia141\ccs\tools\compiler\ti-cgt-armllvm_3.2.2.LTS\lib\armv6m-ti-none-eabi/c/libc.a
       autoinit.c.obj                 60     0         0      
       boot_cortex_m.c.obj            40     0         0      
       copy_zero_init.c.obj           22     0         0      
       exit.c.obj                     4      0         0      
       pre_init.c.obj                 4      0         0      
    +--+------------------------------+------+---------+---------+
       Total:                         130    0         0      
                                                              
       Stack:                         0      0         256    
       Linker Generated:              0      20        0      
    +--+------------------------------+------+---------+---------+
       Grand Total:                   504    220       259    


LINKER GENERATED COPY TABLES

__TI_cinit_table @ 000002cc records: 1, size/record: 8, table size: 8
	.bss: load addr=000002c0, load size=00000008 bytes, run addr=20000000, run size=00000003 bytes, compression=zero_init


LINKER GENERATED HANDLER TABLE

__TI_handler_table @ 000002c8 records: 1, size/record: 4, table size: 4
	index: 0, handler: __TI_zero_init


GLOBAL SYMBOLS: SORTED ALPHABETICALLY BY Name 

address   name                          
-------   ----                          
00000259  ADC0_IRQHandler               
20000002  ADC_flag                      
20000000  ADC_val                       
000002b0  C$$EXIT                       
00000165  DL_ADC12_setClockConfig       
0000029f  DL_Common_delayCycles         
000002b5  DMA_IRQHandler                
000002b5  Default_Handler               
000002b5  GROUP0_IRQHandler             
000002b5  GROUP1_IRQHandler             
000002b5  HardFault_Handler             
000002b5  I2C0_IRQHandler               
000002b5  I2C1_IRQHandler               
000002b5  NMI_Handler                   
000002b5  PendSV_Handler                
000002a9  Reset_Handler                 
000002b5  SPI0_IRQHandler               
000002b5  SVC_Handler                   
00000115  SYSCFG_DL_ADC12_0_init        
000002b7  SYSCFG_DL_GPIO_init           
00000235  SYSCFG_DL_SYSCTL_init         
0000028b  SYSCFG_DL_init                
000001e1  SYSCFG_DL_initPower           
000002b5  SysTick_Handler               
000002b5  TIMG0_IRQHandler              
000002b5  TIMG1_IRQHandler              
000002b5  TIMG2_IRQHandler              
000002b5  TIMG4_IRQHandler              
000002b5  UART0_IRQHandler              
000002b5  UART1_IRQHandler              
20001000  __STACK_END                   
00000100  __STACK_SIZE                  
00000000  __TI_ATRegion0_region_sz      
00000000  __TI_ATRegion0_src_addr       
00000000  __TI_ATRegion0_trg_addr       
00000000  __TI_ATRegion1_region_sz      
00000000  __TI_ATRegion1_src_addr       
00000000  __TI_ATRegion1_trg_addr       
00000000  __TI_ATRegion2_region_sz      
00000000  __TI_ATRegion2_src_addr       
00000000  __TI_ATRegion2_trg_addr       
000002cc  __TI_CINIT_Base               
000002d4  __TI_CINIT_Limit              
000002d4  __TI_CINIT_Warm               
000002c8  __TI_Handler_Table_Base       
000002cc  __TI_Handler_Table_Limit      
000001a5  __TI_auto_init_nobinit_nopinit
ffffffff  __TI_pprof_out_hndl           
ffffffff  __TI_prof_data_size           
ffffffff  __TI_prof_data_start          
00000000  __TI_static_base__            
00000275  __TI_zero_init_nomemset       
ffffffff  __binit__                     
UNDEFED   __mpu_init                    
20000f00  __stack                       
20000000  __start___llvm_prf_bits       
20000000  __start___llvm_prf_cnts       
20000000  __stop___llvm_prf_bits        
20000000  __stop___llvm_prf_cnts        
0000020d  _c_int00_noargs               
UNDEFED   _system_post_cinit            
000002ad  _system_pre_init              
000002b1  abort                         
ffffffff  binit                         
00000000  interruptVectors              
000000c1  main                          


GLOBAL SYMBOLS: SORTED BY Symbol Address 

address   name                          
-------   ----                          
00000000  __TI_ATRegion0_region_sz      
00000000  __TI_ATRegion0_src_addr       
00000000  __TI_ATRegion0_trg_addr       
00000000  __TI_ATRegion1_region_sz      
00000000  __TI_ATRegion1_src_addr       
00000000  __TI_ATRegion1_trg_addr       
00000000  __TI_ATRegion2_region_sz      
00000000  __TI_ATRegion2_src_addr       
00000000  __TI_ATRegion2_trg_addr       
00000000  __TI_static_base__            
00000000  interruptVectors              
000000c1  main                          
00000100  __STACK_SIZE                  
00000115  SYSCFG_DL_ADC12_0_init        
00000165  DL_ADC12_setClockConfig       
000001a5  __TI_auto_init_nobinit_nopinit
000001e1  SYSCFG_DL_initPower           
0000020d  _c_int00_noargs               
00000235  SYSCFG_DL_SYSCTL_init         
00000259  ADC0_IRQHandler               
00000275  __TI_zero_init_nomemset       
0000028b  SYSCFG_DL_init                
0000029f  DL_Common_delayCycles         
000002a9  Reset_Handler                 
000002ad  _system_pre_init              
000002b0  C$$EXIT                       
000002b1  abort                         
000002b5  DMA_IRQHandler                
000002b5  Default_Handler               
000002b5  GROUP0_IRQHandler             
000002b5  GROUP1_IRQHandler             
000002b5  HardFault_Handler             
000002b5  I2C0_IRQHandler               
000002b5  I2C1_IRQHandler               
000002b5  NMI_Handler                   
000002b5  PendSV_Handler                
000002b5  SPI0_IRQHandler               
000002b5  SVC_Handler                   
000002b5  SysTick_Handler               
000002b5  TIMG0_IRQHandler              
000002b5  TIMG1_IRQHandler              
000002b5  TIMG2_IRQHandler              
000002b5  TIMG4_IRQHandler              
000002b5  UART0_IRQHandler              
000002b5  UART1_IRQHandler              
000002b7  SYSCFG_DL_GPIO_init           
000002c8  __TI_Handler_Table_Base       
000002cc  __TI_CINIT_Base               
000002cc  __TI_Handler_Table_Limit      
000002d4  __TI_CINIT_Limit              
000002d4  __TI_CINIT_Warm               
20000000  ADC_val                       
20000000  __start___llvm_prf_bits       
20000000  __start___llvm_prf_cnts       
20000000  __stop___llvm_prf_bits        
20000000  __stop___llvm_prf_cnts        
20000002  ADC_flag                      
20000f00  __stack                       
20001000  __STACK_END                   
ffffffff  __TI_pprof_out_hndl           
ffffffff  __TI_prof_data_size           
ffffffff  __TI_prof_data_start          
ffffffff  __binit__                     
ffffffff  binit                         
UNDEFED   __mpu_init                    
UNDEFED   _system_post_cinit            

[66 symbols]
