******************************************************************************
            TI ARM Clang Linker PC v3.2.2                      
******************************************************************************
>> Linked Tue Jul  1 16:27:19 2025

OUTPUT FILE NAME:   <AD_DA.out>
ENTRY POINT SYMBOL: "_c_int00_noargs"  address: 00000351


MEMORY CONFIGURATION

         name            origin    length      used     unused   attr    fill
----------------------  --------  ---------  --------  --------  ----  --------
  FLASH                 00000000   0000fff8  000004a8  0000fb50  R  X
  SRAM                  20000000   00001000  00000103  00000efd  RW X
  BCR_CONFIG            41c00000   00000080  00000000  00000080  R   
  BSL_CONFIG            41c00100   00000080  00000000  00000080  R   


SEGMENT ALLOCATION MAP

run origin  load origin   length   init length attrs members
----------  ----------- ---------- ----------- ----- -------
00000000    00000000    000004a8   000004a8    r-x
  00000000    00000000    000000c0   000000c0    r-- .intvecs
  000000c0    000000c0    000003b8   000003b8    r-x .text
  00000478    00000478    00000018   00000018    r-- .rodata
  00000490    00000490    00000018   00000018    r-- .cinit
20000000    20000000    00000003   00000000    rw-
  20000000    20000000    00000003   00000000    rw- .bss
20000f00    20000f00    00000100   00000000    rw-
  20000f00    20000f00    00000100   00000000    rw- .stack


SECTION ALLOCATION MAP

 output                                  attributes/
section   page    origin      length       input sections
--------  ----  ----------  ----------   ----------------
.intvecs   0    00000000    000000c0     
                  00000000    000000c0     startup_mspm0l130x_ticlang.o (.intvecs)

.text      0    000000c0    000003b8     
                  000000c0    000000c4     driverlib.a : dl_timer.o (.text.DL_Timer_initPWMMode)
                  00000184    00000070     AD_DA.o (.text.main)
                  000001f4    0000005c     ti_msp_dl_config.o (.text.SYSCFG_DL_PWM_0_init)
                  00000250    00000050     ti_msp_dl_config.o (.text.SYSCFG_DL_ADC12_0_init)
                  000002a0    00000040     driverlib.a : dl_adc12.o (.text.DL_ADC12_setClockConfig)
                  000002e0    0000003c     libc.a : autoinit.c.obj (.text:__TI_auto_init_nobinit_nopinit)
                  0000031c    00000034     ti_msp_dl_config.o (.text.SYSCFG_DL_initPower)
                  00000350    00000028     libc.a : boot_cortex_m.c.obj (.text:_c_int00_noargs)
                  00000378    00000024     ti_msp_dl_config.o (.text.SYSCFG_DL_SYSCTL_init)
                  0000039c    0000001c     AD_DA.o (.text.ADC0_IRQHandler)
                  000003b8    0000001c     driverlib.a : dl_timer.o (.text.DL_Timer_setCaptCompUpdateMethod)
                  000003d4    0000001c                 : dl_timer.o (.text.DL_Timer_setClockConfig)
                  000003f0    00000018                 : dl_timer.o (.text.DL_Timer_setCaptureCompareOutCtl)
                  00000408    00000018     ti_msp_dl_config.o (.text.SYSCFG_DL_GPIO_init)
                  00000420    00000018     ti_msp_dl_config.o (.text.SYSCFG_DL_init)
                  00000438    00000016     libc.a : copy_zero_init.c.obj (.text:decompress:ZI:__TI_zero_init_nomemset)
                  0000044e    00000002     startup_mspm0l130x_ticlang.o (.text.Default_Handler)
                  00000450    00000010     driverlib.a : dl_timer.o (.text.DL_Timer_setCaptureCompareValue)
                  00000460    0000000a                 : dl_common.o (.text.DL_Common_delayCycles)
                  0000046a    00000004     startup_mspm0l130x_ticlang.o (.text.Reset_Handler)
                  0000046e    00000004     libc.a : pre_init.c.obj (.text._system_pre_init)
                  00000472    00000004            : exit.c.obj (.text:abort)
                  00000476    00000002     --HOLE-- [fill = 0]

.cinit     0    00000490    00000018     
                  00000490    00000008     (.cinit..bss.load) [load image, compression = zero_init]
                  00000498    00000004     (__TI_handler_table)
                  0000049c    00000008     (__TI_cinit_table)
                  000004a4    00000004     --HOLE-- [fill = 0]

.rodata    0    00000478    00000018     
                  00000478    00000008     ti_msp_dl_config.o (.rodata.gADC12_0ClockConfig)
                  00000480    00000008     ti_msp_dl_config.o (.rodata.gPWM_0Config)
                  00000488    00000003     ti_msp_dl_config.o (.rodata.gPWM_0ClockConfig)
                  0000048b    00000005     --HOLE-- [fill = 0]

.init_array 
*          0    00000000    00000000     UNINITIALIZED

.binit     0    00000000    00000000     

.bss       0    20000000    00000003     UNINITIALIZED
                  20000000    00000002     (.common:ADC_val)
                  20000002    00000001     (.common:ADC_flag)

.stack     0    20000f00    00000100     UNINITIALIZED
                  20000f00    00000004     libc.a : boot_cortex_m.c.obj (.stack)
                  20000f04    000000fc     --HOLE--

__llvm_prf_cnts 
*          0    20000000    00000000     UNINITIALIZED

__llvm_prf_bits 
*          0    20000000    00000000     UNINITIALIZED

MODULE SUMMARY

       Module                         code   ro data   rw data
       ------                         ----   -------   -------
    .\
       ti_msp_dl_config.o             308    19        0      
       startup_mspm0l130x_ticlang.o   6      192       0      
       AD_DA.o                        140    0         3      
    +--+------------------------------+------+---------+---------+
       Total:                         454    211       3      
                                                              
    D:/ti/mspm0_sdk_1_30_00_03/source/ti/driverlib/lib/ticlang/m0p/mspm0l11xx_l13xx/driverlib.a
       dl_timer.o                     292    0         0      
       dl_adc12.o                     64     0         0      
       dl_common.o                    10     0         0      
    +--+------------------------------+------+---------+---------+
       Total:                         366    0         0      
                                                              
    D:\ccstheia141\ccs\tools\compiler\ti-cgt-armllvm_3.2.2.LTS\lib\armv6m-ti-none-eabi/c/libc.a
       autoinit.c.obj                 60     0         0      
       boot_cortex_m.c.obj            40     0         0      
       copy_zero_init.c.obj           22     0         0      
       exit.c.obj                     4      0         0      
       pre_init.c.obj                 4      0         0      
    +--+------------------------------+------+---------+---------+
       Total:                         130    0         0      
                                                              
       Stack:                         0      0         256    
       Linker Generated:              0      20        0      
    +--+------------------------------+------+---------+---------+
       Grand Total:                   950    231       259    


LINKER GENERATED COPY TABLES

__TI_cinit_table @ 0000049c records: 1, size/record: 8, table size: 8
	.bss: load addr=00000490, load size=00000008 bytes, run addr=20000000, run size=00000003 bytes, compression=zero_init


LINKER GENERATED HANDLER TABLE

__TI_handler_table @ 00000498 records: 1, size/record: 4, table size: 4
	index: 0, handler: __TI_zero_init


GLOBAL SYMBOLS: SORTED ALPHABETICALLY BY Name 

address   name                            
-------   ----                            
0000039d  ADC0_IRQHandler                 
20000002  ADC_flag                        
20000000  ADC_val                         
00000472  C$$EXIT                         
000002a1  DL_ADC12_setClockConfig         
00000461  DL_Common_delayCycles           
000000c1  DL_Timer_initPWMMode            
000003b9  DL_Timer_setCaptCompUpdateMethod
000003f1  DL_Timer_setCaptureCompareOutCtl
00000451  DL_Timer_setCaptureCompareValue 
000003d5  DL_Timer_setClockConfig         
0000044f  DMA_IRQHandler                  
0000044f  Default_Handler                 
0000044f  GROUP0_IRQHandler               
0000044f  GROUP1_IRQHandler               
0000044f  HardFault_Handler               
0000044f  I2C0_IRQHandler                 
0000044f  I2C1_IRQHandler                 
0000044f  NMI_Handler                     
0000044f  PendSV_Handler                  
0000046b  Reset_Handler                   
0000044f  SPI0_IRQHandler                 
0000044f  SVC_Handler                     
00000251  SYSCFG_DL_ADC12_0_init          
00000409  SYSCFG_DL_GPIO_init             
000001f5  SYSCFG_DL_PWM_0_init            
00000379  SYSCFG_DL_SYSCTL_init           
00000421  SYSCFG_DL_init                  
0000031d  SYSCFG_DL_initPower             
0000044f  SysTick_Handler                 
0000044f  TIMG0_IRQHandler                
0000044f  TIMG1_IRQHandler                
0000044f  TIMG2_IRQHandler                
0000044f  TIMG4_IRQHandler                
0000044f  UART0_IRQHandler                
0000044f  UART1_IRQHandler                
20001000  __STACK_END                     
00000100  __STACK_SIZE                    
00000000  __TI_ATRegion0_region_sz        
00000000  __TI_ATRegion0_src_addr         
00000000  __TI_ATRegion0_trg_addr         
00000000  __TI_ATRegion1_region_sz        
00000000  __TI_ATRegion1_src_addr         
00000000  __TI_ATRegion1_trg_addr         
00000000  __TI_ATRegion2_region_sz        
00000000  __TI_ATRegion2_src_addr         
00000000  __TI_ATRegion2_trg_addr         
0000049c  __TI_CINIT_Base                 
000004a4  __TI_CINIT_Limit                
000004a4  __TI_CINIT_Warm                 
00000498  __TI_Handler_Table_Base         
0000049c  __TI_Handler_Table_Limit        
000002e1  __TI_auto_init_nobinit_nopinit  
ffffffff  __TI_pprof_out_hndl             
ffffffff  __TI_prof_data_size             
ffffffff  __TI_prof_data_start            
00000000  __TI_static_base__              
00000439  __TI_zero_init_nomemset         
ffffffff  __binit__                       
UNDEFED   __mpu_init                      
20000f00  __stack                         
20000000  __start___llvm_prf_bits         
20000000  __start___llvm_prf_cnts         
20000000  __stop___llvm_prf_bits          
20000000  __stop___llvm_prf_cnts          
00000351  _c_int00_noargs                 
UNDEFED   _system_post_cinit              
0000046f  _system_pre_init                
00000473  abort                           
ffffffff  binit                           
00000000  interruptVectors                
00000185  main                            


GLOBAL SYMBOLS: SORTED BY Symbol Address 

address   name                            
-------   ----                            
00000000  __TI_ATRegion0_region_sz        
00000000  __TI_ATRegion0_src_addr         
00000000  __TI_ATRegion0_trg_addr         
00000000  __TI_ATRegion1_region_sz        
00000000  __TI_ATRegion1_src_addr         
00000000  __TI_ATRegion1_trg_addr         
00000000  __TI_ATRegion2_region_sz        
00000000  __TI_ATRegion2_src_addr         
00000000  __TI_ATRegion2_trg_addr         
00000000  __TI_static_base__              
00000000  interruptVectors                
000000c1  DL_Timer_initPWMMode            
00000100  __STACK_SIZE                    
00000185  main                            
000001f5  SYSCFG_DL_PWM_0_init            
00000251  SYSCFG_DL_ADC12_0_init          
000002a1  DL_ADC12_setClockConfig         
000002e1  __TI_auto_init_nobinit_nopinit  
0000031d  SYSCFG_DL_initPower             
00000351  _c_int00_noargs                 
00000379  SYSCFG_DL_SYSCTL_init           
0000039d  ADC0_IRQHandler                 
000003b9  DL_Timer_setCaptCompUpdateMethod
000003d5  DL_Timer_setClockConfig         
000003f1  DL_Timer_setCaptureCompareOutCtl
00000409  SYSCFG_DL_GPIO_init             
00000421  SYSCFG_DL_init                  
00000439  __TI_zero_init_nomemset         
0000044f  DMA_IRQHandler                  
0000044f  Default_Handler                 
0000044f  GROUP0_IRQHandler               
0000044f  GROUP1_IRQHandler               
0000044f  HardFault_Handler               
0000044f  I2C0_IRQHandler                 
0000044f  I2C1_IRQHandler                 
0000044f  NMI_Handler                     
0000044f  PendSV_Handler                  
0000044f  SPI0_IRQHandler                 
0000044f  SVC_Handler                     
0000044f  SysTick_Handler                 
0000044f  TIMG0_IRQHandler                
0000044f  TIMG1_IRQHandler                
0000044f  TIMG2_IRQHandler                
0000044f  TIMG4_IRQHandler                
0000044f  UART0_IRQHandler                
0000044f  UART1_IRQHandler                
00000451  DL_Timer_setCaptureCompareValue 
00000461  DL_Common_delayCycles           
0000046b  Reset_Handler                   
0000046f  _system_pre_init                
00000472  C$$EXIT                         
00000473  abort                           
00000498  __TI_Handler_Table_Base         
0000049c  __TI_CINIT_Base                 
0000049c  __TI_Handler_Table_Limit        
000004a4  __TI_CINIT_Limit                
000004a4  __TI_CINIT_Warm                 
20000000  ADC_val                         
20000000  __start___llvm_prf_bits         
20000000  __start___llvm_prf_cnts         
20000000  __stop___llvm_prf_bits          
20000000  __stop___llvm_prf_cnts          
20000002  ADC_flag                        
20000f00  __stack                         
20001000  __STACK_END                     
ffffffff  __TI_pprof_out_hndl             
ffffffff  __TI_prof_data_size             
ffffffff  __TI_prof_data_start            
ffffffff  __binit__                       
ffffffff  binit                           
UNDEFED   __mpu_init                      
UNDEFED   _system_post_cinit              

[72 symbols]
